Archive member included to satisfy reference by file (symbol)

/usr/lib/gcc/arm-none-eabi/7.3.1/thumb/v6-m/libgcc.a(_dvmd_tls.o)
                              CMakeFiles/RelayExpansion.dir/home/pi/pico/pico-sdk/src/rp2_common/pico_divider/divider.S.obj (__aeabi_idiv0)
/usr/lib/gcc/arm-none-eabi/7.3.1/../../../arm-none-eabi/lib/thumb/v6-m/libg.a(lib_a-atexit.o)
                              /usr/lib/gcc/arm-none-eabi/7.3.1/../../../arm-none-eabi/lib/thumb/v6-m/crt0.o (atexit)
/usr/lib/gcc/arm-none-eabi/7.3.1/../../../arm-none-eabi/lib/thumb/v6-m/libg.a(lib_a-calloc.o)
                              CMakeFiles/RelayExpansion.dir/home/pi/pico/pico-sdk/src/rp2_common/pico_malloc/pico_malloc.c.obj (calloc)
/usr/lib/gcc/arm-none-eabi/7.3.1/../../../arm-none-eabi/lib/thumb/v6-m/libg.a(lib_a-callocr.o)
                              /usr/lib/gcc/arm-none-eabi/7.3.1/../../../arm-none-eabi/lib/thumb/v6-m/libg.a(lib_a-calloc.o) (_calloc_r)
/usr/lib/gcc/arm-none-eabi/7.3.1/../../../arm-none-eabi/lib/thumb/v6-m/libg.a(lib_a-fini.o)
                              /usr/lib/gcc/arm-none-eabi/7.3.1/../../../arm-none-eabi/lib/thumb/v6-m/crt0.o (__libc_fini_array)
/usr/lib/gcc/arm-none-eabi/7.3.1/../../../arm-none-eabi/lib/thumb/v6-m/libg.a(lib_a-impure.o)
                              /usr/lib/gcc/arm-none-eabi/7.3.1/../../../arm-none-eabi/lib/thumb/v6-m/libg.a(lib_a-calloc.o) (_impure_ptr)
/usr/lib/gcc/arm-none-eabi/7.3.1/../../../arm-none-eabi/lib/thumb/v6-m/libg.a(lib_a-init.o)
                              /usr/lib/gcc/arm-none-eabi/7.3.1/../../../arm-none-eabi/lib/thumb/v6-m/crt0.o (__libc_init_array)
/usr/lib/gcc/arm-none-eabi/7.3.1/../../../arm-none-eabi/lib/thumb/v6-m/libg.a(lib_a-malloc.o)
                              CMakeFiles/RelayExpansion.dir/home/pi/pico/pico-sdk/src/rp2_common/pico_malloc/pico_malloc.c.obj (malloc)
/usr/lib/gcc/arm-none-eabi/7.3.1/../../../arm-none-eabi/lib/thumb/v6-m/libg.a(lib_a-mallocr.o)
                              /usr/lib/gcc/arm-none-eabi/7.3.1/../../../arm-none-eabi/lib/thumb/v6-m/libg.a(lib_a-callocr.o) (_malloc_r)
/usr/lib/gcc/arm-none-eabi/7.3.1/../../../arm-none-eabi/lib/thumb/v6-m/libg.a(lib_a-mlock.o)
                              /usr/lib/gcc/arm-none-eabi/7.3.1/../../../arm-none-eabi/lib/thumb/v6-m/libg.a(lib_a-mallocr.o) (__malloc_lock)
/usr/lib/gcc/arm-none-eabi/7.3.1/../../../arm-none-eabi/lib/thumb/v6-m/libg.a(lib_a-sbrkr.o)
                              /usr/lib/gcc/arm-none-eabi/7.3.1/../../../arm-none-eabi/lib/thumb/v6-m/libg.a(lib_a-mallocr.o) (_sbrk_r)
/usr/lib/gcc/arm-none-eabi/7.3.1/../../../arm-none-eabi/lib/thumb/v6-m/libg.a(lib_a-strlen-stub.o)
                              CMakeFiles/RelayExpansion.dir/home/pi/pico/pico-sdk/src/rp2_common/pico_stdio/stdio.c.obj (strlen)
/usr/lib/gcc/arm-none-eabi/7.3.1/../../../arm-none-eabi/lib/thumb/v6-m/libg.a(lib_a-__atexit.o)
                              /usr/lib/gcc/arm-none-eabi/7.3.1/../../../arm-none-eabi/lib/thumb/v6-m/libg.a(lib_a-atexit.o) (__register_exitproc)
/usr/lib/gcc/arm-none-eabi/7.3.1/../../../arm-none-eabi/lib/thumb/v6-m/libg.a(lib_a-freer.o)
                              /usr/lib/gcc/arm-none-eabi/7.3.1/../../../arm-none-eabi/lib/thumb/v6-m/libg.a(lib_a-malloc.o) (_free_r)
/usr/lib/gcc/arm-none-eabi/7.3.1/../../../arm-none-eabi/lib/thumb/v6-m/libg.a(lib_a-reent.o)
                              /usr/lib/gcc/arm-none-eabi/7.3.1/../../../arm-none-eabi/lib/thumb/v6-m/libg.a(lib_a-sbrkr.o) (errno)

Allocating common symbols
Common symbol       size              file

sf_table            0x100             CMakeFiles/RelayExpansion.dir/home/pi/pico/pico-sdk/src/rp2_common/pico_float/float_init_rom.c.obj
errno               0x4               /usr/lib/gcc/arm-none-eabi/7.3.1/../../../arm-none-eabi/lib/thumb/v6-m/libg.a(lib_a-reent.o)
sf_clz_func         0x4               CMakeFiles/RelayExpansion.dir/home/pi/pico/pico-sdk/src/rp2_common/pico_float/float_init_rom.c.obj
sd_table            0x100             CMakeFiles/RelayExpansion.dir/home/pi/pico/pico-sdk/src/rp2_common/pico_double/double_init_rom.c.obj
uart_char_to_line_feed
                    0x4               CMakeFiles/RelayExpansion.dir/home/pi/pico/pico-sdk/src/rp2_common/hardware_uart/uart.c.obj

Discarded input sections

 .text          0x00000000        0x0 /usr/lib/gcc/arm-none-eabi/7.3.1/thumb/v6-m/crti.o
 .data          0x00000000        0x0 /usr/lib/gcc/arm-none-eabi/7.3.1/thumb/v6-m/crti.o
 .bss           0x00000000        0x0 /usr/lib/gcc/arm-none-eabi/7.3.1/thumb/v6-m/crti.o
 .data          0x00000000        0x4 /usr/lib/gcc/arm-none-eabi/7.3.1/thumb/v6-m/crtbegin.o
 .fini_array    0x00000000        0x4 /usr/lib/gcc/arm-none-eabi/7.3.1/thumb/v6-m/crtbegin.o
 .text          0x00000000       0x6c /usr/lib/gcc/arm-none-eabi/7.3.1/../../../arm-none-eabi/lib/thumb/v6-m/crt0.o
 .data          0x00000000        0x0 /usr/lib/gcc/arm-none-eabi/7.3.1/../../../arm-none-eabi/lib/thumb/v6-m/crt0.o
[...]
Memory Configuration

Name             Origin             Length             Attributes
FLASH            0x10000000         0x00200000         xr
RAM              0x20000000         0x00040000         xrw
SCRATCH_X        0x20040000         0x00001000         xrw
SCRATCH_Y        0x20041000         0x00001000         xrw
*default*        0x00000000         0xffffffff

Linker script and memory map

LOAD /usr/lib/gcc/arm-none-eabi/7.3.1/thumb/v6-m/crti.o
LOAD /usr/lib/gcc/arm-none-eabi/7.3.1/thumb/v6-m/crtbegin.o
LOAD /usr/lib/gcc/arm-none-eabi/7.3.1/../../../arm-none-eabi/lib/thumb/v6-m/crt0.o

.flash_begin    0x10000000        0x0
                0x10000000                __flash_binary_start = .

.boot2          0x10000000      0x100
                0x10000000                __boot2_start__ = .
 *(.boot2)
 .boot2         0x10000000      0x100 /tmp/ccsQCYT7.o
                0x10000100                __boot2_end__ = .
                0x00000001                ASSERT (((__boot2_end__ - __boot2_start__) == 0x100), ERROR: Pico second stage bootloader must be 256 bytes in size)

.text           0x10000100     0x4398
                0x10000100                __logical_binary_start = .
 *(.vectors)
 .vectors       0x10000100       0xd4 CMakeFiles/RelayExpansion.dir/home/pi/pico/pico-sdk/src/rp2_common/pico_standard_link/crt0.S.obj
                0x10000100                __vectors
                0x10000100                __VECTOR_TABLE
                0x100001c0                isr_invalid
                0x100001c0                __default_isrs_start
                0x100001c2                isr_nmi
                0x100001c4                isr_hardfault
                0x100001c6                isr_svcall
                0x100001c8                isr_pendsv
                0x100001ca                isr_systick
                0x100001cc                isr_irq30
                0x100001cc                __unhandled_user_irq
                0x100001cc                isr_irq13
                0x100001cc                isr_irq27
                0x100001cc                isr_irq31
                0x100001cc                isr_irq5
                0x100001cc                isr_irq11
                0x100001cc                isr_irq23
                0x100001cc                isr_irq18
                0x100001cc                isr_irq28
                0x100001cc                isr_irq19
                0x100001cc                isr_irq0
                0x100001cc                isr_irq6
                0x100001cc                isr_irq22
                0x100001cc                isr_irq17
                0x100001cc                isr_irq14
                0x100001cc                isr_irq2
                0x100001cc                isr_irq10
                0x100001cc                isr_irq8
                0x100001cc                isr_irq24
                0x100001cc                isr_irq1
                0x100001cc                isr_irq7
                0x100001cc                isr_irq21
                0x100001cc                isr_irq20
                0x100001cc                isr_irq15
                0x100001cc                isr_irq25
                0x100001cc                isr_irq4
                0x100001cc                isr_irq16
                0x100001cc                isr_irq29
                0x100001cc                isr_irq26
                0x100001cc                __default_isrs_end
                0x100001cc                isr_irq3
                0x100001cc                isr_irq12
                0x100001cc                isr_irq9
                0x100001d2                unhandled_user_irq_num_in_r0
 *(.binary_info_header)
 .binary_info_header
                0x100001d4       0x14 CMakeFiles/RelayExpansion.dir/home/pi/pico/pico-sdk/src/rp2_common/pico_standard_link/crt0.S.obj
                0x100001e8                __binary_info_header_end = .
 *(.reset)
 .reset         0x100001e8       0xa8 CMakeFiles/RelayExpansion.dir/home/pi/pico/pico-sdk/src/rp2_common/pico_standard_link/crt0.S.obj
                0x100001e8                _entry_point
                0x10000266                __get_current_exception
 .reset         0x10000290       0x30 CMakeFiles/RelayExpansion.dir/home/pi/pico/pico-sdk/src/rp2_common/pico_standard_link/binary_info.c.obj
 *(.init)
 .init          0x100002c0        0x4 /usr/lib/gcc/arm-none-eabi/7.3.1/thumb/v6-m/crti.o
                0x100002c0                _init
 *(EXCLUDE_FILE(*libm.a: *libc.a:*lib_a-mem*.o *libgcc.a:) .text*)
 .text          0x100002c4       0x98 /usr/lib/gcc/arm-none-eabi/7.3.1/thumb/v6-m/crtbegin.o
 .text.allRelayOn
                0x1000035c       0x2c CMakeFiles/RelayExpansion.dir/RelayExpansion.c.obj
                0x1000035c                allRelayOn
 .text.allRelayOff
                0x10000388       0x2c CMakeFiles/RelayExpansion.dir/RelayExpansion.c.obj
                0x10000388                allRelayOff
 .text.relayToggle
                0x100003b4       0x30 CMakeFiles/RelayExpansion.dir/RelayExpansion.c.obj
                0x100003b4                relayToggle
 .text.main     0x100003e4       0x88 CMakeFiles/RelayExpansion.dir/RelayExpansion.c.obj
                0x100003e4                main
 .text.gpio_set_function
                0x1000046c       0x30 CMakeFiles/RelayExpansion.dir/home/pi/pico/pico-sdk/src/rp2_common/hardware_gpio/gpio.c.obj
                0x1000046c                gpio_set_function
 .text.gpio_init
                0x1000049c       0x16 CMakeFiles/RelayExpansion.dir/home/pi/pico/pico-sdk/src/rp2_common/hardware_gpio/gpio.c.obj
                0x1000049c                gpio_init
 *fill*         0x100004b2        0x2 
 .text.hw_claim_lock
                0x100004b4       0x18 CMakeFiles/RelayExpansion.dir/home/pi/pico/pico-sdk/src/rp2_common/hardware_claim/claim.c.obj
                0x100004b4                hw_claim_lock
 .text.hw_claim_unlock
                0x100004cc       0x14 CMakeFiles/RelayExpansion.dir/home/pi/pico/pico-sdk/src/rp2_common/hardware_claim/claim.c.obj
                0x100004cc                hw_claim_unlock
 .text.hw_claim_or_assert
                0x100004e0       0x32 CMakeFiles/RelayExpansion.dir/home/pi/pico/pico-sdk/src/rp2_common/hardware_claim/claim.c.obj
                0x100004e0                hw_claim_or_assert
 *fill*         0x10000512        0x2 
 .text.running_on_fpga
                0x10000514       0x14 CMakeFiles/RelayExpansion.dir/home/pi/pico/pico-sdk/src/rp2_common/pico_platform/platform.c.obj
                0x10000514                running_on_fpga
 .text.spin_locks_reset
                0x10000528       0x20 CMakeFiles/RelayExpansion.dir/home/pi/pico/pico-sdk/src/rp2_common/hardware_sync/sync.c.obj
                0x10000528                spin_locks_reset
 .text.next_striped_spin_lock_num
                0x10000548       0x1c CMakeFiles/RelayExpansion.dir/home/pi/pico/pico-sdk/src/rp2_common/hardware_sync/sync.c.obj
                0x10000548                next_striped_spin_lock_num
 .text.uart_set_baudrate
                0x10000564       0x5c CMakeFiles/RelayExpansion.dir/home/pi/pico/pico-sdk/src/rp2_common/hardware_uart/uart.c.obj
                0x10000564                uart_set_baudrate
 .text.uart_set_translate_crlf
                0x100005c0       0x28 CMakeFiles/RelayExpansion.dir/home/pi/pico/pico-sdk/src/rp2_common/hardware_uart/uart.c.obj
                0x100005c0                uart_set_translate_crlf
 .text.uart_init
                0x100005e8       0x84 CMakeFiles/RelayExpansion.dir/home/pi/pico/pico-sdk/src/rp2_common/hardware_uart/uart.c.obj
                0x100005e8                uart_init
 .text.alarm_pool_post_alloc_init
                0x1000066c       0x40 CMakeFiles/RelayExpansion.dir/home/pi/pico/pico-sdk/src/common/pico_time/time.c.obj
 .text.sleep_until_callback
                0x100006ac       0x30 CMakeFiles/RelayExpansion.dir/home/pi/pico/pico-sdk/src/common/pico_time/time.c.obj
 .text.timer_pool_entry_comparator
                0x100006dc       0x7c CMakeFiles/RelayExpansion.dir/home/pi/pico/pico-sdk/src/common/pico_time/time.c.obj
                0x100006dc                timer_pool_entry_comparator
 .text.ph_add_child_node
                0x10000758       0xa4 CMakeFiles/RelayExpansion.dir/home/pi/pico/pico-sdk/src/common/pico_time/time.c.obj
 .text.ph_merge_nodes
                0x100007fc       0x3a CMakeFiles/RelayExpansion.dir/home/pi/pico/pico-sdk/src/common/pico_time/time.c.obj
 *fill*         0x10000836        0x2 
 .text.add_alarm_under_lock
                0x10000838      0x180 CMakeFiles/RelayExpansion.dir/home/pi/pico/pico-sdk/src/common/pico_time/time.c.obj
 .text.alarm_pool_alarm_callback
                0x100009b8      0x344 CMakeFiles/RelayExpansion.dir/home/pi/pico/pico-sdk/src/common/pico_time/time.c.obj
 .text.alarm_pool_init_default
                0x10000cfc       0x38 CMakeFiles/RelayExpansion.dir/home/pi/pico/pico-sdk/src/common/pico_time/time.c.obj
                0x10000cfc                alarm_pool_init_default
 .text.alarm_pool_get_default
                0x10000d34       0x2c CMakeFiles/RelayExpansion.dir/home/pi/pico/pico-sdk/src/common/pico_time/time.c.obj
                0x10000d34                alarm_pool_get_default
 .text.alarm_pool_add_alarm_at
                0x10000d60      0x168 CMakeFiles/RelayExpansion.dir/home/pi/pico/pico-sdk/src/common/pico_time/time.c.obj
                0x10000d60                alarm_pool_add_alarm_at
 .text.sleep_until
                0x10000ec8       0xfc CMakeFiles/RelayExpansion.dir/home/pi/pico/pico-sdk/src/common/pico_time/time.c.obj
                0x10000ec8                sleep_until
 .text.sleep_us
                0x10000fc4       0x54 CMakeFiles/RelayExpansion.dir/home/pi/pico/pico-sdk/src/common/pico_time/time.c.obj
                0x10000fc4                sleep_us
 .text.sleep_ms
                0x10001018       0x14 CMakeFiles/RelayExpansion.dir/home/pi/pico/pico-sdk/src/common/pico_time/time.c.obj
                0x10001018                sleep_ms
 .text.hardware_alarm_irq_handler
                0x1000102c       0x8c CMakeFiles/RelayExpansion.dir/home/pi/pico/pico-sdk/src/rp2_common/hardware_timer/timer.c.obj
 .text.hardware_alarm_claim
                0x100010b8       0x18 CMakeFiles/RelayExpansion.dir/home/pi/pico/pico-sdk/src/rp2_common/hardware_timer/timer.c.obj
                0x100010b8                hardware_alarm_claim
 .text.time_us_64
                0x100010d0       0x18 CMakeFiles/RelayExpansion.dir/home/pi/pico/pico-sdk/src/rp2_common/hardware_timer/timer.c.obj
                0x100010d0                time_us_64
 .text.busy_wait_until
                0x100010e8       0x28 CMakeFiles/RelayExpansion.dir/home/pi/pico/pico-sdk/src/rp2_common/hardware_timer/timer.c.obj
                0x100010e8                busy_wait_until
 .text.hardware_alarm_set_callback
                0x10001110       0x90 CMakeFiles/RelayExpansion.dir/home/pi/pico/pico-sdk/src/rp2_common/hardware_timer/timer.c.obj
                0x10001110                hardware_alarm_set_callback
 .text.hardware_alarm_set_target
                0x100011a0       0xe8 CMakeFiles/RelayExpansion.dir/home/pi/pico/pico-sdk/src/rp2_common/hardware_timer/timer.c.obj
                0x100011a0                hardware_alarm_set_target
 .text.hardware_alarm_cancel
                0x10001288       0x40 CMakeFiles/RelayExpansion.dir/home/pi/pico/pico-sdk/src/rp2_common/hardware_timer/timer.c.obj
                0x10001288                hardware_alarm_cancel
 .text.lock_init
                0x100012c8       0x10 CMakeFiles/RelayExpansion.dir/home/pi/pico/pico-sdk/src/common/pico_sync/lock_core.c.obj
                0x100012c8                lock_init
 .text.mutex_init_internal
                0x100012d8       0x1e CMakeFiles/RelayExpansion.dir/home/pi/pico/pico-sdk/src/common/pico_sync/mutex.c.obj
 .text.mutex_init
                0x100012f6        0xa CMakeFiles/RelayExpansion.dir/home/pi/pico/pico-sdk/src/common/pico_sync/mutex.c.obj
                0x100012f6                mutex_init
 .text.recursive_mutex_init
                0x10001300        0xa CMakeFiles/RelayExpansion.dir/home/pi/pico/pico-sdk/src/common/pico_sync/mutex.c.obj
                0x10001300                recursive_mutex_init
 *fill*         0x1000130a        0x2 
 .text.ph_add_child_node
                0x1000130c       0xa4 CMakeFiles/RelayExpansion.dir/home/pi/pico/pico-sdk/src/common/pico_util/pheap.c.obj
 .text.ph_merge_nodes
                0x100013b0       0x3a CMakeFiles/RelayExpansion.dir/home/pi/pico/pico-sdk/src/common/pico_util/pheap.c.obj
 *fill*         0x100013ea        0x2 
 .text.ph_clear
                0x100013ec       0x70 CMakeFiles/RelayExpansion.dir/home/pi/pico/pico-sdk/src/common/pico_util/pheap.c.obj
                0x100013ec                ph_clear
 .text.ph_post_alloc_init
                0x1000145c        0xe CMakeFiles/RelayExpansion.dir/home/pi/pico/pico-sdk/src/common/pico_util/pheap.c.obj
                0x1000145c                ph_post_alloc_init
 *fill*         0x1000146a        0x2 
 .text.ph_merge_two_pass
                0x1000146c       0xac CMakeFiles/RelayExpansion.dir/home/pi/pico/pico-sdk/src/common/pico_util/pheap.c.obj
                0x1000146c                ph_merge_two_pass
 .text.ph_remove_any_head
                0x10001518      0x108 CMakeFiles/RelayExpansion.dir/home/pi/pico/pico-sdk/src/common/pico_util/pheap.c.obj
 .text.ph_remove_head
                0x10001620       0x14 CMakeFiles/RelayExpansion.dir/home/pi/pico/pico-sdk/src/common/pico_util/pheap.c.obj
                0x10001620                ph_remove_head
 .text.ph_remove_and_free_node
                0x10001634       0xf8 CMakeFiles/RelayExpansion.dir/home/pi/pico/pico-sdk/src/common/pico_util/pheap.c.obj
                0x10001634                ph_remove_and_free_node
 .text.runtime_init
                0x1000172c       0xd8 CMakeFiles/RelayExpansion.dir/home/pi/pico/pico-sdk/src/rp2_common/pico_runtime/runtime.c.obj
                0x1000172c                runtime_init
 .text._exit    0x10001804        0x4 CMakeFiles/RelayExpansion.dir/home/pi/pico/pico-sdk/src/rp2_common/pico_runtime/runtime.c.obj
                0x10001804                _exit
 .text.exit     0x10001808        0x6 CMakeFiles/RelayExpansion.dir/home/pi/pico/pico-sdk/src/rp2_common/pico_runtime/runtime.c.obj
                0x10001808                exit
 *fill*         0x1000180e        0x2 
 .text.__assert_func
                0x10001810       0x3c CMakeFiles/RelayExpansion.dir/home/pi/pico/pico-sdk/src/rp2_common/pico_runtime/runtime.c.obj
                0x10001810                __assert_func
 .text.panic    0x1000184c       0x30 CMakeFiles/RelayExpansion.dir/home/pi/pico/pico-sdk/src/rp2_common/pico_runtime/runtime.c.obj
                0x1000184c                panic
 .text.clock_configure
                0x1000187c       0xfc CMakeFiles/RelayExpansion.dir/home/pi/pico/pico-sdk/src/rp2_common/hardware_clocks/clocks.c.obj
                0x1000187c                clock_configure
 .text.clocks_init
                0x10001978      0x100 CMakeFiles/RelayExpansion.dir/home/pi/pico/pico-sdk/src/rp2_common/hardware_clocks/clocks.c.obj
                0x10001978                clocks_init
 .text.clock_get_hz
                0x10001a78        0xc CMakeFiles/RelayExpansion.dir/home/pi/pico/pico-sdk/src/rp2_common/hardware_clocks/clocks.c.obj
                0x10001a78                clock_get_hz
 .text.set_raw_irq_handler_and_unlock
                0x10001a84       0x28 CMakeFiles/RelayExpansion.dir/home/pi/pico/pico-sdk/src/rp2_common/hardware_irq/irq.c.obj
 .text.make_branch
                0x10001aac       0x34 CMakeFiles/RelayExpansion.dir/home/pi/pico/pico-sdk/src/rp2_common/hardware_irq/irq.c.obj
 .text.insert_branch_and_link
                0x10001ae0       0x40 CMakeFiles/RelayExpansion.dir/home/pi/pico/pico-sdk/src/rp2_common/hardware_irq/irq.c.obj
 .text.irq_is_enabled
                0x10001b20       0x18 CMakeFiles/RelayExpansion.dir/home/pi/pico/pico-sdk/src/rp2_common/hardware_irq/irq.c.obj
                0x10001b20                irq_is_enabled
 .text.irq_set_mask_enabled
                0x10001b38       0x20 CMakeFiles/RelayExpansion.dir/home/pi/pico/pico-sdk/src/rp2_common/hardware_irq/irq.c.obj
                0x10001b38                irq_set_mask_enabled
 .text.irq_set_enabled
                0x10001b58        0xe CMakeFiles/RelayExpansion.dir/home/pi/pico/pico-sdk/src/rp2_common/hardware_irq/irq.c.obj
                0x10001b58                irq_set_enabled
 *fill*         0x10001b66        0x2 
 .text.irq_get_vtable_handler
                0x10001b68       0x10 CMakeFiles/RelayExpansion.dir/home/pi/pico/pico-sdk/src/rp2_common/hardware_irq/irq.c.obj
                0x10001b68                irq_get_vtable_handler
 .text.irq_set_exclusive_handler
                0x10001b78       0x54 CMakeFiles/RelayExpansion.dir/home/pi/pico/pico-sdk/src/rp2_common/hardware_irq/irq.c.obj
                0x10001b78                irq_set_exclusive_handler
 .text.irq_remove_handler
                0x10001bcc      0x1b4 CMakeFiles/RelayExpansion.dir/home/pi/pico/pico-sdk/src/rp2_common/hardware_irq/irq.c.obj
                0x10001bcc                irq_remove_handler
 .text.irq_set_priority
                0x10001d80       0x28 CMakeFiles/RelayExpansion.dir/home/pi/pico/pico-sdk/src/rp2_common/hardware_irq/irq.c.obj
                0x10001d80                irq_set_priority
 .text.irq_add_tail_to_free_list
                0x10001da8       0xf0 CMakeFiles/RelayExpansion.dir/home/pi/pico/pico-sdk/src/rp2_common/hardware_irq/irq.c.obj
                0x10001da8                irq_add_tail_to_free_list
 .text.irq_init_priorities
                0x10001e98       0x16 CMakeFiles/RelayExpansion.dir/home/pi/pico/pico-sdk/src/rp2_common/hardware_irq/irq.c.obj
                0x10001e98                irq_init_priorities
 *fill*         0x10001eae        0x2 
 .text.pll_init
                0x10001eb0      0x118 CMakeFiles/RelayExpansion.dir/home/pi/pico/pico-sdk/src/rp2_common/hardware_pll/pll.c.obj
                0x10001eb0                pll_init
 .text.watchdog_start_tick
                0x10001fc8       0x10 CMakeFiles/RelayExpansion.dir/home/pi/pico/pico-sdk/src/rp2_common/hardware_watchdog/watchdog.c.obj
                0x10001fc8                watchdog_start_tick
 .text.xosc_init
                0x10001fd8       0x28 CMakeFiles/RelayExpansion.dir/home/pi/pico/pico-sdk/src/rp2_common/hardware_xosc/xosc.c.obj
                0x10001fd8                xosc_init
 .text._out_null
                0x10002000        0x2 CMakeFiles/RelayExpansion.dir/home/pi/pico/pico-sdk/src/rp2_common/pico_printf/printf.c.obj
 .text._out_fct
                0x10002002        0xe CMakeFiles/RelayExpansion.dir/home/pi/pico/pico-sdk/src/rp2_common/pico_printf/printf.c.obj
 .text._atoi    0x10002010       0x24 CMakeFiles/RelayExpansion.dir/home/pi/pico/pico-sdk/src/rp2_common/pico_printf/printf.c.obj
 .text._out_rev
                0x10002034       0x8c CMakeFiles/RelayExpansion.dir/home/pi/pico/pico-sdk/src/rp2_common/pico_printf/printf.c.obj
 .text._ntoa_format
                0x100020c0      0x112 CMakeFiles/RelayExpansion.dir/home/pi/pico/pico-sdk/src/rp2_common/pico_printf/printf.c.obj
 .text._ntoa_long
                0x100021d2       0x9e CMakeFiles/RelayExpansion.dir/home/pi/pico/pico-sdk/src/rp2_common/pico_printf/printf.c.obj
 .text._ntoa_long_long
                0x10002270       0xe2 CMakeFiles/RelayExpansion.dir/home/pi/pico/pico-sdk/src/rp2_common/pico_printf/printf.c.obj
 *fill*         0x10002352        0x2 
 .text._etoa    0x10002354      0x424 CMakeFiles/RelayExpansion.dir/home/pi/pico/pico-sdk/src/rp2_common/pico_printf/printf.c.obj
 .text._ftoa    0x10002778      0x340 CMakeFiles/RelayExpansion.dir/home/pi/pico/pico-sdk/src/rp2_common/pico_printf/printf.c.obj
 .text._vsnprintf
                0x10002ab8      0x640 CMakeFiles/RelayExpansion.dir/home/pi/pico/pico-sdk/src/rp2_common/pico_printf/printf.c.obj
 .text.vfctprintf
                0x100030f8       0x20 CMakeFiles/RelayExpansion.dir/home/pi/pico/pico-sdk/src/rp2_common/pico_printf/printf.c.obj
                0x100030f8                vfctprintf
 .text          0x10003118       0x10 CMakeFiles/RelayExpansion.dir/home/pi/pico/pico-sdk/src/rp2_common/pico_bit_ops/bit_ops_aeabi.S.obj
 .text.rom_func_lookup
                0x10003128       0x10 CMakeFiles/RelayExpansion.dir/home/pi/pico/pico-sdk/src/rp2_common/pico_bootrom/bootrom.c.obj
                0x10003128                rom_func_lookup
 .text.rom_data_lookup
                0x10003138       0x10 CMakeFiles/RelayExpansion.dir/home/pi/pico/pico-sdk/src/rp2_common/pico_bootrom/bootrom.c.obj
                0x10003138                rom_data_lookup
 .text.rom_funcs_lookup
                0x10003148       0x36 CMakeFiles/RelayExpansion.dir/home/pi/pico/pico-sdk/src/rp2_common/pico_bootrom/bootrom.c.obj
                0x10003148                rom_funcs_lookup
 *fill*         0x1000317e        0x2 
 .text.__wrap___aeabi_idiv
                0x10003180       0x50 CMakeFiles/RelayExpansion.dir/home/pi/pico/pico-sdk/src/rp2_common/pico_divider/divider.S.obj
                0x10003180                __wrap___aeabi_idivmod
                0x10003180                divmod_s32s32
                0x10003180                div_s32s32
                0x10003180                __wrap___aeabi_idiv
                0x10003188                divmod_s32s32_unsafe
                0x100031b4                divmod_s32s32_savestate
 .text.__wrap___aeabi_uidiv
                0x100031d0       0x4c CMakeFiles/RelayExpansion.dir/home/pi/pico/pico-sdk/src/rp2_common/pico_divider/divider.S.obj
                0x100031d0                __wrap___aeabi_uidiv
                0x100031d0                __wrap___aeabi_uidivmod
                0x100031d0                div_u32u32
                0x100031d0                divmod_u32u32
                0x100031d8                divmod_u32u32_unsafe
                0x10003200                divmod_u32u32_savestate
 .text.__wrap___aeabi_ldiv
                0x1000321c      0x430 CMakeFiles/RelayExpansion.dir/home/pi/pico/pico-sdk/src/rp2_common/pico_divider/divider.S.obj
                0x1000321c                div_s64s64
                0x1000321c                divmod_s64s64
                0x1000321c                __wrap___aeabi_ldivmod
                0x10003254                div_u64u64
                0x10003254                divmod_u64u64
                0x10003254                __wrap___aeabi_uldivmod
                0x10003264                divmod_u64u64_savestate
                0x1000328c                divmod_s64s64_unsafe
                0x10003314                divmod_u64u64_unsafe
 .text.__wrap___aeabi_darithmetic
                0x1000364c       0x80 CMakeFiles/RelayExpansion.dir/home/pi/pico/pico-sdk/src/rp2_common/pico_double/double_aeabi.S.obj
                0x1000364c                __wrap___aeabi_drsub
                0x10003652                __wrap___aeabi_dsub
                0x10003664                __wrap___aeabi_dadd
                0x10003676                __wrap___aeabi_ddiv
                0x100036b2                __wrap___aeabi_dmul
 .text.__wrap___aeabi_cdcmple
                0x100036cc       0x6c CMakeFiles/RelayExpansion.dir/home/pi/pico/pico-sdk/src/rp2_common/pico_double/double_aeabi.S.obj
                0x100036cc                __wrap___aeabi_cdrcmple
                0x100036dc                __wrap___aeabi_cdcmple
                0x100036dc                __wrap___aeabi_cdcmpeq
 .text.__wrap___aeabi_dcmplt
                0x10003738        0xc CMakeFiles/RelayExpansion.dir/home/pi/pico/pico-sdk/src/rp2_common/pico_double/double_aeabi.S.obj
                0x10003738                __wrap___aeabi_dcmplt
 .text.__wrap___aeabi_dcmple
                0x10003744       0x10 CMakeFiles/RelayExpansion.dir/home/pi/pico/pico-sdk/src/rp2_common/pico_double/double_aeabi.S.obj
                0x10003744                __wrap___aeabi_dcmple
 .text.__wrap___aeabi_dcmpge
                0x10003754       0x10 CMakeFiles/RelayExpansion.dir/home/pi/pico/pico-sdk/src/rp2_common/pico_double/double_aeabi.S.obj
                0x10003754                __wrap___aeabi_dcmpge
 .text.__wrap___aeabi_dcmpgt
                0x10003764        0xa CMakeFiles/RelayExpansion.dir/home/pi/pico/pico-sdk/src/rp2_common/pico_double/double_aeabi.S.obj
                0x10003764                __wrap___aeabi_dcmpgt
 .text.__wrap___aeabi_dcmpun
                0x1000376e       0x1c CMakeFiles/RelayExpansion.dir/home/pi/pico/pico-sdk/src/rp2_common/pico_double/double_aeabi.S.obj
                0x1000376e                __wrap___aeabi_dcmpun
 *fill*         0x1000378a        0x2 
 .text.__wrap___aeabi_i2d
                0x1000378c       0x38 CMakeFiles/RelayExpansion.dir/home/pi/pico/pico-sdk/src/rp2_common/pico_double/double_aeabi.S.obj
                0x1000378c                __wrap___aeabi_ui2d
                0x10003794                __wrap___aeabi_i2d
 .text.__wrap___aeabi_d2iz
                0x100037c4       0x48 CMakeFiles/RelayExpansion.dir/home/pi/pico/pico-sdk/src/rp2_common/pico_double/double_aeabi.S.obj
                0x100037c4                __wrap___aeabi_d2iz
                0x100037c4                double2int_z
 .text.__wrap___aeabi_d2uiz
                0x1000380c       0x18 CMakeFiles/RelayExpansion.dir/home/pi/pico/pico-sdk/src/rp2_common/pico_double/double_aeabi.S.obj
                0x1000380c                double2uint
                0x1000380c                __wrap___aeabi_d2uiz
 .text.__aeabi_double_init
                0x10003824       0xb8 CMakeFiles/RelayExpansion.dir/home/pi/pico/pico-sdk/src/rp2_common/pico_double/double_init_rom.c.obj
                0x10003824                __aeabi_double_init
 .text.double_table_shim_on_use_helper
                0x100038dc       0x34 CMakeFiles/RelayExpansion.dir/home/pi/pico/pico-sdk/src/rp2_common/pico_double/double_v1_rom_shim.S.obj
                0x100038dc                double_table_shim_on_use_helper
 .text.__wrap___aeabi_dsub
                0x10003910       0x10 CMakeFiles/RelayExpansion.dir/home/pi/pico/pico-sdk/src/rp2_common/pico_double/double_v1_rom_shim.S.obj
                0x10003910                drsub_shim
                0x10003916                dsub_shim
 .text.dadd_shim
                0x10003920      0x15c CMakeFiles/RelayExpansion.dir/home/pi/pico/pico-sdk/src/rp2_common/pico_double/double_v1_rom_shim.S.obj
                0x10003920                dadd_shim
 .text.dmul_shim
                0x10003a7c      0x15c CMakeFiles/RelayExpansion.dir/home/pi/pico/pico-sdk/src/rp2_common/pico_double/double_v1_rom_shim.S.obj
                0x10003a7c                dmul_shim
 .text.ddiv_shim
                0x10003bd8      0x1b0 CMakeFiles/RelayExpansion.dir/home/pi/pico/pico-sdk/src/rp2_common/pico_double/double_v1_rom_shim.S.obj
                0x10003bd8                ddiv_shim
 .text.dcordic_rot_step
                0x10003d88       0x7c CMakeFiles/RelayExpansion.dir/home/pi/pico/pico-sdk/src/rp2_common/pico_double/double_v1_rom_shim.S.obj
                0x10003d88                dcordic_rot_step
 .text.double2uint_shim
                0x10003e04        0xe CMakeFiles/RelayExpansion.dir/home/pi/pico/pico-sdk/src/rp2_common/pico_double/double_v1_rom_shim.S.obj
                0x10003e04                double2uint_shim
                0x10003e06                double2ufix_shim
 *fill*         0x10003e12        0x2 
 .text.double2uint64_shim
                0x10003e14       0x6c CMakeFiles/RelayExpansion.dir/home/pi/pico/pico-sdk/src/rp2_common/pico_double/double_v1_rom_shim.S.obj
                0x10003e14                double2uint64_shim
                0x10003e16                double2ufix64_shim
                0x10003e30                d2fix_a
 .text.dunpacks
                0x10003e80       0x3c CMakeFiles/RelayExpansion.dir/home/pi/pico/pico-sdk/src/rp2_common/pico_double/double_v1_rom_shim.S.obj
                0x10003e80                dunpacks
 .text.__aeabi_lmul
                0x10003ebc       0x32 CMakeFiles/RelayExpansion.dir/home/pi/pico/pico-sdk/src/rp2_common/pico_int64_ops/pico_int64_ops_aeabi.S.obj
                0x10003ebc                __wrap___aeabi_lmul
 *fill*         0x10003eee        0x2 
 .text.__aeabi_float_init
                0x10003ef0       0xfc CMakeFiles/RelayExpansion.dir/home/pi/pico/pico-sdk/src/rp2_common/pico_float/float_init_rom.c.obj
                0x10003ef0                __aeabi_float_init
 .text.float_table_shim_on_use_helper
                0x10003fec       0x34 CMakeFiles/RelayExpansion.dir/home/pi/pico/pico-sdk/src/rp2_common/pico_float/float_v1_rom_shim.S.obj
                0x10003fec                float_table_shim_on_use_helper
 .text          0x10004020       0x10 CMakeFiles/RelayExpansion.dir/home/pi/pico/pico-sdk/src/rp2_common/pico_mem_ops/mem_ops_aeabi.S.obj
                0x10004020                __aeabi_mem_init
 .text.memset   0x10004030        0xc CMakeFiles/RelayExpansion.dir/home/pi/pico/pico-sdk/src/rp2_common/pico_mem_ops/mem_ops_aeabi.S.obj
                0x10004030                __wrap_memset
 .text.memcpy   0x1000403c        0xc CMakeFiles/RelayExpansion.dir/home/pi/pico/pico-sdk/src/rp2_common/pico_mem_ops/mem_ops_aeabi.S.obj
                0x1000403c                __wrap___aeabi_memcpy
                0x1000403c                __wrap_memcpy
 .text.stdio_out_chars_crlf
                0x10004048       0x80 CMakeFiles/RelayExpansion.dir/home/pi/pico/pico-sdk/src/rp2_common/pico_stdio/stdio.c.obj
 .text.stdio_stack_buffer_flush
                0x100040c8       0x44 CMakeFiles/RelayExpansion.dir/home/pi/pico/pico-sdk/src/rp2_common/pico_stdio/stdio.c.obj
 .text.stdio_buffered_printer
                0x1000410c       0x20 CMakeFiles/RelayExpansion.dir/home/pi/pico/pico-sdk/src/rp2_common/pico_stdio/stdio.c.obj
 .text.stdout_serialize_begin
                0x1000412c       0x30 CMakeFiles/RelayExpansion.dir/home/pi/pico/pico-sdk/src/rp2_common/pico_stdio/stdio.c.obj
                0x1000412c                stdout_serialize_begin
 .text.stdout_serialize_end
                0x1000415c       0x10 CMakeFiles/RelayExpansion.dir/home/pi/pico/pico-sdk/src/rp2_common/pico_stdio/stdio.c.obj
                0x1000415c                stdout_serialize_end
 .text.stdio_put_string
                0x1000416c       0x78 CMakeFiles/RelayExpansion.dir/home/pi/pico/pico-sdk/src/rp2_common/pico_stdio/stdio.c.obj
 .text.stdio_set_driver_enabled
                0x100041e4       0x38 CMakeFiles/RelayExpansion.dir/home/pi/pico/pico-sdk/src/rp2_common/pico_stdio/stdio.c.obj
                0x100041e4                stdio_set_driver_enabled
 .text.stdio_flush
                0x1000421c       0x20 CMakeFiles/RelayExpansion.dir/home/pi/pico/pico-sdk/src/rp2_common/pico_stdio/stdio.c.obj
                0x1000421c                stdio_flush
 .text.__wrap_puts
                0x1000423c       0x1c CMakeFiles/RelayExpansion.dir/home/pi/pico/pico-sdk/src/rp2_common/pico_stdio/stdio.c.obj
                0x1000423c                __wrap_puts
 .text.__wrap_vprintf
                0x10004258       0x44 CMakeFiles/RelayExpansion.dir/home/pi/pico/pico-sdk/src/rp2_common/pico_stdio/stdio.c.obj
                0x10004258                __wrap_vprintf
 .text.__wrap_printf
                0x1000429c       0x18 CMakeFiles/RelayExpansion.dir/home/pi/pico/pico-sdk/src/rp2_common/pico_stdio/stdio.c.obj
                0x1000429c                __wrap_printf
 .text.stdio_init_all
                0x100042b4        0x8 CMakeFiles/RelayExpansion.dir/home/pi/pico/pico-sdk/src/rp2_common/pico_stdio/stdio.c.obj
                0x100042b4                stdio_init_all
 .text.stdio_uart_out_chars
                0x100042bc       0x70 CMakeFiles/RelayExpansion.dir/home/pi/pico/pico-sdk/src/rp2_common/pico_stdio_uart/stdio_uart.c.obj
 .text.stdio_uart_in_chars
                0x1000432c       0x50 CMakeFiles/RelayExpansion.dir/home/pi/pico/pico-sdk/src/rp2_common/pico_stdio_uart/stdio_uart.c.obj
                0x1000432c                stdio_uart_in_chars
 .text.stdio_uart_init_full
                0x1000437c       0x3c CMakeFiles/RelayExpansion.dir/home/pi/pico/pico-sdk/src/rp2_common/pico_stdio_uart/stdio_uart.c.obj
                0x1000437c                stdio_uart_init_full
 .text.stdio_uart_init
                0x100043b8       0x28 CMakeFiles/RelayExpansion.dir/home/pi/pico/pico-sdk/src/rp2_common/pico_stdio_uart/stdio_uart.c.obj
                0x100043b8                stdio_uart_init
 .text          0x100043e0       0x64 /usr/lib/gcc/arm-none-eabi/7.3.1/../../../arm-none-eabi/lib/thumb/v6-m/libg.a(lib_a-strlen-stub.o)
                0x100043e0                strlen
 *(.fini)
 .fini          0x10004444        0x4 /usr/lib/gcc/arm-none-eabi/7.3.1/thumb/v6-m/crti.o
                0x10004444                _fini
 .fini.__stub   0x10004448       0x50 linker stubs
 *crtbegin.o(.ctors)
 *crtbegin?.o(.ctors)
 *(EXCLUDE_FILE(*crtend.o *crtend?.o) .ctors)
 *(SORT_BY_NAME(.ctors.*))
 *(.ctors)
 *crtbegin.o(.dtors)
 *crtbegin?.o(.dtors)
 *(EXCLUDE_FILE(*crtend.o *crtend?.o) .dtors)
 *(SORT_BY_NAME(.dtors.*))
 *(.dtors)
 *(.eh_frame*)
 .eh_frame      0x10004498        0x0 /usr/lib/gcc/arm-none-eabi/7.3.1/thumb/v6-m/crtbegin.o
                0x10004498                . = ALIGN (0x4)

.glue_7         0x10004498        0x0
 .glue_7        0x10004498        0x0 linker stubs

.glue_7t        0x10004498        0x0
 .glue_7t       0x10004498        0x0 linker stubs

.vfp11_veneer   0x10004498        0x0
 .vfp11_veneer  0x10004498        0x0 linker stubs

.v4_bx          0x10004498        0x0
 .v4_bx         0x10004498        0x0 linker stubs

.iplt           0x10004498        0x0
 .iplt          0x10004498        0x0 /usr/lib/gcc/arm-none-eabi/7.3.1/thumb/v6-m/crtbegin.o

.rodata         0x10004498      0xe00
 *(EXCLUDE_FILE(*libm.a: *libc.a:*lib_a-mem*.o *libgcc.a:) .rodata*)
 .rodata.allRelayOff.str1.4
                0x10004498        0xb CMakeFiles/RelayExpansion.dir/RelayExpansion.c.obj
 *fill*         0x100044a3        0x1 
 .rodata.allRelayOn.str1.4
                0x100044a4        0xa CMakeFiles/RelayExpansion.dir/RelayExpansion.c.obj
 *fill*         0x100044ae        0x2 
 .rodata.__func__.5648
                0x100044b0       0x15 CMakeFiles/RelayExpansion.dir/home/pi/pico/pico-sdk/src/common/pico_time/time.c.obj
 *fill*         0x100044c5        0x3 
 .rodata.__func__.5949
                0x100044c8        0xc CMakeFiles/RelayExpansion.dir/home/pi/pico/pico-sdk/src/common/pico_time/time.c.obj
 .rodata.__func__.5956
                0x100044d4       0x12 CMakeFiles/RelayExpansion.dir/home/pi/pico/pico-sdk/src/common/pico_time/time.c.obj
 *fill*         0x100044e6        0x2 
 .rodata.__func__.5972
                0x100044e8        0xf CMakeFiles/RelayExpansion.dir/home/pi/pico/pico-sdk/src/common/pico_time/time.c.obj
 *fill*         0x100044f7        0x1 
 .rodata.__func__.5994
                0x100044f8        0xd CMakeFiles/RelayExpansion.dir/home/pi/pico/pico-sdk/src/common/pico_time/time.c.obj
 *fill*         0x10004505        0x3 
 .rodata.__func__.6195
                0x10004508        0xa CMakeFiles/RelayExpansion.dir/home/pi/pico/pico-sdk/src/common/pico_time/time.c.obj
 *fill*         0x10004512        0x2 
 .rodata.__func__.6200
                0x10004514       0x12 CMakeFiles/RelayExpansion.dir/home/pi/pico/pico-sdk/src/common/pico_time/time.c.obj
 *fill*         0x10004526        0x2 
 .rodata.__func__.6215
                0x10004528       0x17 CMakeFiles/RelayExpansion.dir/home/pi/pico/pico-sdk/src/common/pico_time/time.c.obj
 *fill*         0x1000453f        0x1 
 .rodata.__func__.6226
                0x10004540       0x15 CMakeFiles/RelayExpansion.dir/home/pi/pico/pico-sdk/src/common/pico_time/time.c.obj
 *fill*         0x10004555        0x3 
 .rodata.__func__.6243
                0x10004558       0x1a CMakeFiles/RelayExpansion.dir/home/pi/pico/pico-sdk/src/common/pico_time/time.c.obj
 *fill*         0x10004572        0x2 
 .rodata.add_alarm_under_lock.str1.4
                0x10004574       0x28 CMakeFiles/RelayExpansion.dir/home/pi/pico/pico-sdk/src/common/pico_time/time.c.obj
                                 0x2b (size before relaxing)
 .rodata.alarm_pool_alarm_callback.str1.4
                0x1000459c       0xe2 CMakeFiles/RelayExpansion.dir/home/pi/pico/pico-sdk/src/common/pico_time/time.c.obj
 *fill*         0x1000467e        0x2 
 .rodata.alarm_pool_dump_key.str1.4
                0x10004680       0x33 CMakeFiles/RelayExpansion.dir/home/pi/pico/pico-sdk/src/common/pico_time/time.c.obj
 *fill*         0x100046b3        0x1 
 .rodata.alarm_pool_get_default.str1.4
                0x100046b4       0x21 CMakeFiles/RelayExpansion.dir/home/pi/pico/pico-sdk/src/common/pico_time/time.c.obj
 *fill*         0x100046d5        0x3 
 .rodata.ph_add_child_node.str1.4
                0x100046d8       0x92 CMakeFiles/RelayExpansion.dir/home/pi/pico/pico-sdk/src/common/pico_time/time.c.obj
 *fill*         0x1000476a        0x2 
 .rodata.repeating_timer_callback.str1.4
                0x1000476c       0x47 CMakeFiles/RelayExpansion.dir/home/pi/pico/pico-sdk/src/common/pico_time/time.c.obj
 *fill*         0x100047b3        0x1 
 .rodata.sleep_until.str1.4
                0x100047b4       0x4d CMakeFiles/RelayExpansion.dir/home/pi/pico/pico-sdk/src/common/pico_time/time.c.obj
 *fill*         0x10004801        0x3 
 .rodata.__func__.4508
                0x10004804       0x1a CMakeFiles/RelayExpansion.dir/home/pi/pico/pico-sdk/src/rp2_common/hardware_timer/timer.c.obj
 *fill*         0x1000481e        0x2 
 .rodata.hardware_alarm_claim.str1.4
                0x10004820       0x22 CMakeFiles/RelayExpansion.dir/home/pi/pico/pico-sdk/src/rp2_common/hardware_timer/timer.c.obj
 *fill*         0x10004842        0x2 
 .rodata.hardware_alarm_set_target.str1.4
                0x10004844       0x61 CMakeFiles/RelayExpansion.dir/home/pi/pico/pico-sdk/src/rp2_common/hardware_timer/timer.c.obj
 *fill*         0x100048a5        0x3 
 .rodata.__func__.4570
                0x100048a8       0x15 CMakeFiles/RelayExpansion.dir/home/pi/pico/pico-sdk/src/common/pico_sync/mutex.c.obj
 *fill*         0x100048bd        0x3 
 .rodata.__func__.4605
                0x100048c0        0xb CMakeFiles/RelayExpansion.dir/home/pi/pico/pico-sdk/src/common/pico_sync/mutex.c.obj
 *fill*         0x100048cb        0x1 
 .rodata.str1.4
                0x100048cc       0xad CMakeFiles/RelayExpansion.dir/home/pi/pico/pico-sdk/src/common/pico_sync/mutex.c.obj
                                0x10d (size before relaxing)
 *fill*         0x10004979        0x3 
 .rodata.__func__.5655
                0x1000497c        0xc CMakeFiles/RelayExpansion.dir/home/pi/pico/pico-sdk/src/common/pico_util/pheap.c.obj
 .rodata.__func__.5662
                0x10004988       0x12 CMakeFiles/RelayExpansion.dir/home/pi/pico/pico-sdk/src/common/pico_util/pheap.c.obj
 *fill*         0x1000499a        0x2 
 .rodata.__func__.5748
                0x1000499c       0x13 CMakeFiles/RelayExpansion.dir/home/pi/pico/pico-sdk/src/common/pico_util/pheap.c.obj
 *fill*         0x100049af        0x1 
 .rodata.__func__.5766
                0x100049b0       0x18 CMakeFiles/RelayExpansion.dir/home/pi/pico/pico-sdk/src/common/pico_util/pheap.c.obj
 .rodata.ph_add_child_node.str1.4
                0x100049c8       0x92 CMakeFiles/RelayExpansion.dir/home/pi/pico/pico-sdk/src/common/pico_util/pheap.c.obj
 .rodata.ph_remove_and_free_node.str1.4
                0x100049c8       0x26 CMakeFiles/RelayExpansion.dir/home/pi/pico/pico-sdk/src/common/pico_util/pheap.c.obj
 *fill*         0x100049ee        0x2 
 .rodata.ph_remove_any_head.str1.4
                0x100049f0       0x88 CMakeFiles/RelayExpansion.dir/home/pi/pico/pico-sdk/src/common/pico_util/pheap.c.obj
 .rodata.__assert_func.str1.4
                0x10004a78       0x3f CMakeFiles/RelayExpansion.dir/home/pi/pico/pico-sdk/src/rp2_common/pico_runtime/runtime.c.obj
                                 0x43 (size before relaxing)
 *fill*         0x10004ab7        0x1 
 .rodata.panic.str1.4
                0x10004ab8       0x10 CMakeFiles/RelayExpansion.dir/home/pi/pico/pico-sdk/src/rp2_common/pico_runtime/runtime.c.obj
                                 0x12 (size before relaxing)
 .rodata.__func__.4627
                0x10004ac8       0x10 CMakeFiles/RelayExpansion.dir/home/pi/pico/pico-sdk/src/rp2_common/hardware_clocks/clocks.c.obj
 .rodata.clock_configure.str1.4
                0x10004ad8       0x53 CMakeFiles/RelayExpansion.dir/home/pi/pico/pico-sdk/src/rp2_common/hardware_clocks/clocks.c.obj
 *fill*         0x10004b2b        0x1 
 .rodata.__func__.4663
                0x10004b2c       0x1a CMakeFiles/RelayExpansion.dir/home/pi/pico/pico-sdk/src/rp2_common/hardware_irq/irq.c.obj
 *fill*         0x10004b46        0x2 
 .rodata.__func__.4677
                0x10004b48        0xc CMakeFiles/RelayExpansion.dir/home/pi/pico/pico-sdk/src/rp2_common/hardware_irq/irq.c.obj
 .rodata.__func__.4685
                0x10004b54       0x17 CMakeFiles/RelayExpansion.dir/home/pi/pico/pico-sdk/src/rp2_common/hardware_irq/irq.c.obj
 *fill*         0x10004b6b        0x1 
 .rodata.__func__.4689
                0x10004b6c        0xf CMakeFiles/RelayExpansion.dir/home/pi/pico/pico-sdk/src/rp2_common/hardware_irq/irq.c.obj
 *fill*         0x10004b7b        0x1 
 .rodata.__func__.4728
                0x10004b7c       0x13 CMakeFiles/RelayExpansion.dir/home/pi/pico/pico-sdk/src/rp2_common/hardware_irq/irq.c.obj
 *fill*         0x10004b8f        0x1 
 .rodata.__func__.4747
                0x10004b90       0x1a CMakeFiles/RelayExpansion.dir/home/pi/pico/pico-sdk/src/rp2_common/hardware_irq/irq.c.obj
 *fill*         0x10004baa        0x2 
 .rodata.irq_add_shared_handler.str1.4
                0x10004bac       0xd9 CMakeFiles/RelayExpansion.dir/home/pi/pico/pico-sdk/src/rp2_common/hardware_irq/irq.c.obj
 *fill*         0x10004c85        0x3 
 .rodata.irq_add_tail_to_free_list.str1.4
                0x10004c88       0x32 CMakeFiles/RelayExpansion.dir/home/pi/pico/pico-sdk/src/rp2_common/hardware_irq/irq.c.obj
                                 0x3a (size before relaxing)
 *fill*         0x10004cba        0x2 
 .rodata.irq_remove_handler.str1.4
                0x10004cbc       0x2a CMakeFiles/RelayExpansion.dir/home/pi/pico/pico-sdk/src/rp2_common/hardware_irq/irq.c.obj
 *fill*         0x10004ce6        0x2 
 .rodata.irq_set_exclusive_handler.str1.4
                0x10004ce8       0x36 CMakeFiles/RelayExpansion.dir/home/pi/pico/pico-sdk/src/rp2_common/hardware_irq/irq.c.obj
 *fill*         0x10004d1e        0x2 
 .rodata.make_branch.str1.4
                0x10004d20       0x49 CMakeFiles/RelayExpansion.dir/home/pi/pico/pico-sdk/src/rp2_common/hardware_irq/irq.c.obj
 *fill*         0x10004d69        0x3 
 .rodata.__func__.4362
                0x10004d6c        0x9 CMakeFiles/RelayExpansion.dir/home/pi/pico/pico-sdk/src/rp2_common/hardware_pll/pll.c.obj
 *fill*         0x10004d75        0x3 
 .rodata.pll_init.str1.4
                0x10004d78       0xd7 CMakeFiles/RelayExpansion.dir/home/pi/pico/pico-sdk/src/rp2_common/hardware_pll/pll.c.obj
 *fill*         0x10004e4f        0x1 
 .rodata._vsnprintf
                0x10004e50      0x1e0 CMakeFiles/RelayExpansion.dir/home/pi/pico/pico-sdk/src/rp2_common/pico_printf/printf.c.obj
 .rodata._ftoa.str1.4
                0x10005030       0x15 CMakeFiles/RelayExpansion.dir/home/pi/pico/pico-sdk/src/rp2_common/pico_printf/printf.c.obj
 *fill*         0x10005045        0x3 
 .rodata.pow10.5369
                0x10005048       0x50 CMakeFiles/RelayExpansion.dir/home/pi/pico/pico-sdk/src/rp2_common/pico_printf/printf.c.obj
 .rodata.__aeabi_double_init.str1.4
                0x10005098       0xa4 CMakeFiles/RelayExpansion.dir/home/pi/pico/pico-sdk/src/rp2_common/pico_double/double_init_rom.c.obj
 .rodata.__func__.4628
                0x1000513c       0x14 CMakeFiles/RelayExpansion.dir/home/pi/pico/pico-sdk/src/rp2_common/pico_double/double_init_rom.c.obj
 .rodata.__aeabi_float_init.str1.4
                0x10005150       0x76 CMakeFiles/RelayExpansion.dir/home/pi/pico/pico-sdk/src/rp2_common/pico_float/float_init_rom.c.obj
                                 0x7a (size before relaxing)
 *fill*         0x100051c6        0x2 
 .rodata.__func__.4630
                0x100051c8       0x13 CMakeFiles/RelayExpansion.dir/home/pi/pico/pico-sdk/src/rp2_common/pico_float/float_init_rom.c.obj
 *fill*         0x100051db        0x1 
 .rodata.__bi_44
                0x100051dc        0xc CMakeFiles/RelayExpansion.dir/home/pi/pico/pico-sdk/src/rp2_common/pico_standard_link/binary_info.c.obj
 .rodata.__bi_56
                0x100051e8        0xc CMakeFiles/RelayExpansion.dir/home/pi/pico/pico-sdk/src/rp2_common/pico_standard_link/binary_info.c.obj
 .rodata.__bi_75
                0x100051f4        0xc CMakeFiles/RelayExpansion.dir/home/pi/pico/pico-sdk/src/rp2_common/pico_standard_link/binary_info.c.obj
 .rodata.__bi_81
                0x10005200        0xc CMakeFiles/RelayExpansion.dir/home/pi/pico/pico-sdk/src/rp2_common/pico_standard_link/binary_info.c.obj
 .rodata.str1.4
                0x1000520c       0x48 CMakeFiles/RelayExpansion.dir/home/pi/pico/pico-sdk/src/rp2_common/pico_standard_link/binary_info.c.obj
 .rodata.crlf_str.5957
                0x10005254        0x2 CMakeFiles/RelayExpansion.dir/home/pi/pico/pico-sdk/src/rp2_common/pico_stdio/stdio.c.obj
 *fill*         0x10005256        0x2 
 .rodata.__bi_28.4699
                0x10005258        0xc CMakeFiles/RelayExpansion.dir/home/pi/pico/pico-sdk/src/rp2_common/pico_stdio_uart/stdio_uart.c.obj
 .rodata.__bi_29.4703
                0x10005264        0x8 CMakeFiles/RelayExpansion.dir/home/pi/pico/pico-sdk/src/rp2_common/pico_stdio_uart/stdio_uart.c.obj
 .rodata.str1.4
                0x1000526c       0x2c CMakeFiles/RelayExpansion.dir/home/pi/pico/pico-sdk/src/rp2_common/pico_stdio_uart/stdio_uart.c.obj
                0x10005298                . = ALIGN (0x4)
 *(SORT_BY_ALIGNMENT(SORT_BY_NAME(.flashdata*)))
                0x10005298                . = ALIGN (0x4)

.rel.dyn        0x10005298        0x0
 .rel.iplt      0x10005298        0x0 /usr/lib/gcc/arm-none-eabi/7.3.1/thumb/v6-m/crtbegin.o

.ARM.extab
 *(.ARM.extab* .gnu.linkonce.armextab.*)
                0x10005298                __exidx_start = .

.ARM.exidx
 *(.ARM.exidx* .gnu.linkonce.armexidx.*)
                0x10005298                __exidx_end = .
                0x10005298                . = ALIGN (0x4)
                0x10005298                __binary_info_start = .

.binary_info    0x10005298       0x28
 *(.binary_info.keep.*)
 .binary_info.keep.__bi_ptr22
                0x10005298        0x4 CMakeFiles/RelayExpansion.dir/home/pi/pico/pico-sdk/src/rp2_common/pico_standard_link/binary_info.c.obj
 .binary_info.keep.__bi_ptr30
                0x1000529c        0x4 CMakeFiles/RelayExpansion.dir/home/pi/pico/pico-sdk/src/rp2_common/pico_standard_link/binary_info.c.obj
 .binary_info.keep.__bi_ptr38
                0x100052a0        0x4 CMakeFiles/RelayExpansion.dir/home/pi/pico/pico-sdk/src/rp2_common/pico_standard_link/binary_info.c.obj
 .binary_info.keep.__bi_ptr44
                0x100052a4        0x4 CMakeFiles/RelayExpansion.dir/home/pi/pico/pico-sdk/src/rp2_common/pico_standard_link/binary_info.c.obj
 .binary_info.keep.__bi_ptr50
                0x100052a8        0x4 CMakeFiles/RelayExpansion.dir/home/pi/pico/pico-sdk/src/rp2_common/pico_standard_link/binary_info.c.obj
 .binary_info.keep.__bi_ptr56
                0x100052ac        0x4 CMakeFiles/RelayExpansion.dir/home/pi/pico/pico-sdk/src/rp2_common/pico_standard_link/binary_info.c.obj
 .binary_info.keep.__bi_ptr75
                0x100052b0        0x4 CMakeFiles/RelayExpansion.dir/home/pi/pico/pico-sdk/src/rp2_common/pico_standard_link/binary_info.c.obj
 .binary_info.keep.__bi_ptr81
                0x100052b4        0x4 CMakeFiles/RelayExpansion.dir/home/pi/pico/pico-sdk/src/rp2_common/pico_standard_link/binary_info.c.obj
 *(.binary_info.*)
 .binary_info.__bi_ptr28
                0x100052b8        0x4 CMakeFiles/RelayExpansion.dir/home/pi/pico/pico-sdk/src/rp2_common/pico_stdio_uart/stdio_uart.c.obj
 .binary_info.__bi_ptr29
                0x100052bc        0x4 CMakeFiles/RelayExpansion.dir/home/pi/pico/pico-sdk/src/rp2_common/pico_stdio_uart/stdio_uart.c.obj
                0x100052c0                __binary_info_end = .
                0x100052c0                . = ALIGN (0x4)
                0x100052c0                __etext = .

.ram_vector_table
                0x20000000       0xc0
 *(.ram_vector_table)
 .ram_vector_table
                0x20000000       0xc0 CMakeFiles/RelayExpansion.dir/home/pi/pico/pico-sdk/src/rp2_common/pico_runtime/runtime.c.obj
                0x20000000                ram_vector_table

.data           0x200000c0      0x260 load address 0x100052c0
                0x200000c0                __data_start__ = .
 *(vtable)
 *(.time_critical*)
 .time_critical.mutex_enter_blocking
                0x200000c0       0x94 CMakeFiles/RelayExpansion.dir/home/pi/pico/pico-sdk/src/common/pico_sync/mutex.c.obj
                0x200000c0                mutex_enter_blocking
 .time_critical.mutex_try_enter
                0x20000154       0x5a CMakeFiles/RelayExpansion.dir/home/pi/pico/pico-sdk/src/common/pico_sync/mutex.c.obj
                0x20000154                mutex_try_enter
 *fill*         0x200001ae        0x2 
 .time_critical.mutex_exit
                0x200001b0       0x94 CMakeFiles/RelayExpansion.dir/home/pi/pico/pico-sdk/src/common/pico_sync/mutex.c.obj
                0x200001b0                mutex_exit
 *(.text*)
 .text          0x20000244        0x4 /usr/lib/gcc/arm-none-eabi/7.3.1/thumb/v6-m/libgcc.a(_dvmd_tls.o)
                0x20000244                __aeabi_ldiv0
                0x20000244                __aeabi_idiv0
 .text.__stub   0x20000248       0x10 linker stubs
                0x20000258                . = ALIGN (0x4)
 *(.rodata*)
                0x20000258                . = ALIGN (0x4)
 *(.data*)
 .data.striped_spin_lock_num
                0x20000258        0x1 CMakeFiles/RelayExpansion.dir/home/pi/pico/pico-sdk/src/rp2_common/hardware_sync/sync.c.obj
 *fill*         0x20000259        0x3 
 .data.default_alarm_pool
                0x2000025c       0x18 CMakeFiles/RelayExpansion.dir/home/pi/pico/pico-sdk/src/common/pico_time/time.c.obj
 .data.default_alarm_pool_heap
                0x20000274       0x10 CMakeFiles/RelayExpansion.dir/home/pi/pico/pico-sdk/src/common/pico_time/time.c.obj
 .data          0x20000284       0x48 CMakeFiles/RelayExpansion.dir/home/pi/pico/pico-sdk/src/rp2_common/hardware_irq/irq_handler_chain.S.obj
                0x20000284                irq_handler_chain_slots
                0x200002b4                irq_handler_chain_first_slot
                0x200002be                irq_handler_chain_remove_tail
 *fill*         0x200002cc        0x4 
 .data.aeabi_bits_funcs
                0x200002d0       0x10 CMakeFiles/RelayExpansion.dir/home/pi/pico/pico-sdk/src/rp2_common/pico_bit_ops/bit_ops_aeabi.S.obj
                0x200002d0                aeabi_bits_funcs
                0x200002e0                aeabi_bits_funcs_end
 .data.aeabi_mem_funcs
                0x200002e0       0x10 CMakeFiles/RelayExpansion.dir/home/pi/pico/pico-sdk/src/rp2_common/pico_mem_ops/mem_ops_aeabi.S.obj
                0x200002e0                aeabi_mem_funcs
                0x200002f0                aeabi_mem_funcs_end
 .data.stdio_uart
                0x200002f0       0x14 CMakeFiles/RelayExpansion.dir/home/pi/pico/pico-sdk/src/rp2_common/pico_stdio_uart/stdio_uart.c.obj
                0x200002f0                stdio_uart
                0x20000304                . = ALIGN (0x4)
 *(.after_data.*)
                0x20000304                . = ALIGN (0x4)
                0x20000304                PROVIDE (__mutex_array_start = .)
 *(SORT_BY_NAME(.mutex_array.*))
 *(.mutex_array)
 .mutex_array   0x20000304        0x8 CMakeFiles/RelayExpansion.dir/home/pi/pico/pico-sdk/src/rp2_common/pico_stdio/stdio.c.obj
                0x2000030c                PROVIDE (__mutex_array_end = .)
                0x2000030c                . = ALIGN (0x4)
                0x2000030c                PROVIDE (__preinit_array_start = .)
 *(SORT_BY_NAME(.preinit_array.*))
 .preinit_array.00001
                0x2000030c        0x4 CMakeFiles/RelayExpansion.dir/home/pi/pico/pico-sdk/src/rp2_common/pico_mem_ops/mem_ops_aeabi.S.obj
 .preinit_array.00010
                0x20000310        0x4 CMakeFiles/RelayExpansion.dir/home/pi/pico/pico-sdk/src/rp2_common/pico_bit_ops/bit_ops_aeabi.S.obj
 .preinit_array.00020
                0x20000314        0x4 CMakeFiles/RelayExpansion.dir/home/pi/pico/pico-sdk/src/rp2_common/pico_double/double_aeabi.S.obj
 .preinit_array.00020
                0x20000318        0x4 CMakeFiles/RelayExpansion.dir/home/pi/pico/pico-sdk/src/rp2_common/pico_float/float_aeabi.S.obj
 *(.preinit_array)
                0x2000031c                PROVIDE (__preinit_array_end = .)
                0x2000031c                . = ALIGN (0x4)
                0x2000031c                PROVIDE (__init_array_start = .)
 *(SORT_BY_NAME(.init_array.*))
 *(.init_array)
 .init_array    0x2000031c        0x4 /usr/lib/gcc/arm-none-eabi/7.3.1/thumb/v6-m/crtbegin.o
                0x20000320                PROVIDE (__init_array_end = .)
                0x20000320                . = ALIGN (0x4)
                0x20000320                PROVIDE (__fini_array_start = .)
 *(SORT_BY_NAME(.fini_array.*))
 *(.fini_array)
                0x20000320                PROVIDE (__fini_array_end = .)
 *(.jcr)
                0x20000320                . = ALIGN (0x4)
                0x20000320                __data_end__ = .

.tm_clone_table
                0x20000320        0x0 load address 0x10005520
 .tm_clone_table
                0x20000320        0x0 /usr/lib/gcc/arm-none-eabi/7.3.1/thumb/v6-m/crtbegin.o
 .tm_clone_table
                0x20000320        0x0 /usr/lib/gcc/arm-none-eabi/7.3.1/thumb/v6-m/crtend.o

.igot.plt       0x20000320        0x0 load address 0x10005520
 .igot.plt      0x20000320        0x0 /usr/lib/gcc/arm-none-eabi/7.3.1/thumb/v6-m/crtbegin.o

.uninitialized_data
                0x20000320        0x0 load address 0x10005520
                0x20000320                . = ALIGN (0x4)
 *(.uninitialized_data*)

.scratch_x      0x20040000        0x0 load address 0x10005520
                0x20040000                __scratch_x_start__ = .
 *(.scratch_x.*)
                0x20040000                . = ALIGN (0x4)
                0x20040000                __scratch_x_end__ = .
                0x10005520                __scratch_x_source__ = LOADADDR (.scratch_x)

.scratch_y      0x20041000        0x0 load address 0x10005520
                0x20041000                __scratch_y_start__ = .
 *(.scratch_y.*)
                0x20041000                . = ALIGN (0x4)
                0x20041000                __scratch_y_end__ = .
                0x10005520                __scratch_y_source__ = LOADADDR (.scratch_y)

.bss            0x20000320      0x3d0
                0x20000320                . = ALIGN (0x4)
                0x20000320                __bss_start__ = .
 *(SORT_BY_ALIGNMENT(SORT_BY_NAME(.bss*)))
 .bss.default_alarm_pool_entries
                0x20000320      0x100 CMakeFiles/RelayExpansion.dir/home/pi/pico/pico-sdk/src/common/pico_time/time.c.obj
 .bss           0x20000420       0x1c /usr/lib/gcc/arm-none-eabi/7.3.1/thumb/v6-m/crtbegin.o
 .bss.alarm_callbacks
                0x2000043c       0x10 CMakeFiles/RelayExpansion.dir/home/pi/pico/pico-sdk/src/rp2_common/hardware_timer/timer.c.obj
 .bss.configured_freq
                0x2000044c       0x28 CMakeFiles/RelayExpansion.dir/home/pi/pico/pico-sdk/src/rp2_common/hardware_clocks/clocks.c.obj
 .bss.default_alarm_pool_entry_ids_high
                0x20000474       0x10 CMakeFiles/RelayExpansion.dir/home/pi/pico/pico-sdk/src/common/pico_time/time.c.obj
 .bss.default_alarm_pool_heap_nodes
                0x20000484       0x30 CMakeFiles/RelayExpansion.dir/home/pi/pico/pico-sdk/src/common/pico_time/time.c.obj
 .bss.drivers   0x200004b4        0x4 CMakeFiles/RelayExpansion.dir/home/pi/pico/pico-sdk/src/rp2_common/pico_stdio/stdio.c.obj
 .bss.filter    0x200004b8        0x4 CMakeFiles/RelayExpansion.dir/home/pi/pico/pico-sdk/src/rp2_common/pico_stdio/stdio.c.obj
 .bss.pools     0x200004bc       0x10 CMakeFiles/RelayExpansion.dir/home/pi/pico/pico-sdk/src/common/pico_time/time.c.obj
 .bss.sleep_notifier
                0x200004cc        0x4 CMakeFiles/RelayExpansion.dir/home/pi/pico/pico-sdk/src/common/pico_time/time.c.obj
 .bss.target_hi
                0x200004d0       0x10 CMakeFiles/RelayExpansion.dir/home/pi/pico/pico-sdk/src/rp2_common/hardware_timer/timer.c.obj
 .bss.uart_instance
                0x200004e0        0x4 CMakeFiles/RelayExpansion.dir/home/pi/pico/pico-sdk/src/rp2_common/pico_stdio_uart/stdio_uart.c.obj
 .bss.claimed   0x200004e4        0x1 CMakeFiles/RelayExpansion.dir/home/pi/pico/pico-sdk/src/rp2_common/hardware_timer/timer.c.obj
 .bss.irq_hander_chain_free_slot_head
                0x200004e5        0x1 CMakeFiles/RelayExpansion.dir/home/pi/pico/pico-sdk/src/rp2_common/hardware_irq/irq.c.obj
 .bss.status    0x200004e6        0x1 CMakeFiles/RelayExpansion.dir/RelayExpansion.c.obj
                0x200004e6                status
 .bss.timer_callbacks_pending
                0x200004e7        0x1 CMakeFiles/RelayExpansion.dir/home/pi/pico/pico-sdk/src/rp2_common/hardware_timer/timer.c.obj
 *(COMMON)
 COMMON         0x200004e8        0x4 CMakeFiles/RelayExpansion.dir/home/pi/pico/pico-sdk/src/rp2_common/hardware_uart/uart.c.obj
                0x200004e8                uart_char_to_line_feed
 COMMON         0x200004ec      0x100 CMakeFiles/RelayExpansion.dir/home/pi/pico/pico-sdk/src/rp2_common/pico_double/double_init_rom.c.obj
                0x200004ec                sd_table
 COMMON         0x200005ec      0x104 CMakeFiles/RelayExpansion.dir/home/pi/pico/pico-sdk/src/rp2_common/pico_float/float_init_rom.c.obj
                0x200005ec                sf_table
                0x200006ec                sf_clz_func
                0x200006f0                . = ALIGN (0x4)
                0x200006f0                __bss_end__ = .

.heap           0x200006f0      0x800
                0x200006f0                __end__ = .
                0x200006f0                end = __end__
 *(.heap*)
 .heap          0x200006f0      0x800 CMakeFiles/RelayExpansion.dir/home/pi/pico/pico-sdk/src/rp2_common/pico_standard_link/crt0.S.obj
                0x20000ef0                __HeapLimit = .

.stack1_dummy   0x20040000        0x0
 *(.stack1*)

.stack_dummy    0x20041000      0x800
 *(.stack*)
 .stack         0x20041000      0x800 CMakeFiles/RelayExpansion.dir/home/pi/pico/pico-sdk/src/rp2_common/pico_standard_link/crt0.S.obj

.flash_end      0x10005520        0x0
                0x10005520                __flash_binary_end = .
                0x20040000                __StackLimit = (ORIGIN (RAM) + LENGTH (RAM))
                0x20041000                __StackOneTop = (ORIGIN (SCRATCH_X) + LENGTH (SCRATCH_X))
                0x20042000                __StackTop = (ORIGIN (SCRATCH_Y) + LENGTH (SCRATCH_Y))
                0x20041000                __StackOneBottom = (__StackOneTop - SIZEOF (.stack1_dummy))
                0x20041800                __StackBottom = (__StackTop - SIZEOF (.stack_dummy))
                0x20042000                PROVIDE (__stack = __StackTop)
                0x00000001                ASSERT ((__StackLimit >= __HeapLimit), region RAM overflowed)
                0x00000001                ASSERT (((__binary_info_header_end - __logical_binary_start) <= 0x100), Binary info must be in first 256 bytes of the binary)
LOAD CMakeFiles/RelayExpansion.dir/RelayExpansion.c.obj
LOAD CMakeFiles/RelayExpansion.dir/home/pi/pico/pico-sdk/src/rp2_common/pico_stdlib/stdlib.c.obj
LOAD CMakeFiles/RelayExpansion.dir/home/pi/pico/pico-sdk/src/rp2_common/hardware_gpio/gpio.c.obj
LOAD CMakeFiles/RelayExpansion.dir/home/pi/pico/pico-sdk/src/rp2_common/hardware_claim/claim.c.obj
LOAD CMakeFiles/RelayExpansion.dir/home/pi/pico/pico-sdk/src/rp2_common/pico_platform/platform.c.obj
LOAD CMakeFiles/RelayExpansion.dir/home/pi/pico/pico-sdk/src/rp2_common/hardware_sync/sync.c.obj
LOAD CMakeFiles/RelayExpansion.dir/home/pi/pico/pico-sdk/src/rp2_common/hardware_uart/uart.c.obj
LOAD CMakeFiles/RelayExpansion.dir/home/pi/pico/pico-sdk/src/rp2_common/hardware_divider/divider.S.obj
LOAD CMakeFiles/RelayExpansion.dir/home/pi/pico/pico-sdk/src/common/pico_time/time.c.obj
LOAD CMakeFiles/RelayExpansion.dir/home/pi/pico/pico-sdk/src/common/pico_time/timeout_helper.c.obj
LOAD CMakeFiles/RelayExpansion.dir/home/pi/pico/pico-sdk/src/rp2_common/hardware_timer/timer.c.obj
LOAD CMakeFiles/RelayExpansion.dir/home/pi/pico/pico-sdk/src/common/pico_sync/sem.c.obj
LOAD CMakeFiles/RelayExpansion.dir/home/pi/pico/pico-sdk/src/common/pico_sync/lock_core.c.obj
LOAD CMakeFiles/RelayExpansion.dir/home/pi/pico/pico-sdk/src/common/pico_sync/mutex.c.obj
LOAD CMakeFiles/RelayExpansion.dir/home/pi/pico/pico-sdk/src/common/pico_sync/critical_section.c.obj
LOAD CMakeFiles/RelayExpansion.dir/home/pi/pico/pico-sdk/src/common/pico_util/datetime.c.obj
LOAD CMakeFiles/RelayExpansion.dir/home/pi/pico/pico-sdk/src/common/pico_util/pheap.c.obj
LOAD CMakeFiles/RelayExpansion.dir/home/pi/pico/pico-sdk/src/common/pico_util/queue.c.obj
LOAD CMakeFiles/RelayExpansion.dir/home/pi/pico/pico-sdk/src/rp2_common/pico_runtime/runtime.c.obj
LOAD CMakeFiles/RelayExpansion.dir/home/pi/pico/pico-sdk/src/rp2_common/hardware_clocks/clocks.c.obj
LOAD CMakeFiles/RelayExpansion.dir/home/pi/pico/pico-sdk/src/rp2_common/hardware_irq/irq.c.obj
LOAD CMakeFiles/RelayExpansion.dir/home/pi/pico/pico-sdk/src/rp2_common/hardware_irq/irq_handler_chain.S.obj
LOAD CMakeFiles/RelayExpansion.dir/home/pi/pico/pico-sdk/src/rp2_common/hardware_pll/pll.c.obj
LOAD CMakeFiles/RelayExpansion.dir/home/pi/pico/pico-sdk/src/rp2_common/hardware_vreg/vreg.c.obj
LOAD CMakeFiles/RelayExpansion.dir/home/pi/pico/pico-sdk/src/rp2_common/hardware_watchdog/watchdog.c.obj
LOAD CMakeFiles/RelayExpansion.dir/home/pi/pico/pico-sdk/src/rp2_common/hardware_xosc/xosc.c.obj
LOAD CMakeFiles/RelayExpansion.dir/home/pi/pico/pico-sdk/src/rp2_common/pico_printf/printf.c.obj
LOAD CMakeFiles/RelayExpansion.dir/home/pi/pico/pico-sdk/src/rp2_common/pico_bit_ops/bit_ops_aeabi.S.obj
LOAD CMakeFiles/RelayExpansion.dir/home/pi/pico/pico-sdk/src/rp2_common/pico_bootrom/bootrom.c.obj
LOAD CMakeFiles/RelayExpansion.dir/home/pi/pico/pico-sdk/src/rp2_common/pico_divider/divider.S.obj
LOAD CMakeFiles/RelayExpansion.dir/home/pi/pico/pico-sdk/src/rp2_common/pico_double/double_aeabi.S.obj
LOAD CMakeFiles/RelayExpansion.dir/home/pi/pico/pico-sdk/src/rp2_common/pico_double/double_init_rom.c.obj
LOAD CMakeFiles/RelayExpansion.dir/home/pi/pico/pico-sdk/src/rp2_common/pico_double/double_math.c.obj
LOAD CMakeFiles/RelayExpansion.dir/home/pi/pico/pico-sdk/src/rp2_common/pico_double/double_v1_rom_shim.S.obj
LOAD CMakeFiles/RelayExpansion.dir/home/pi/pico/pico-sdk/src/rp2_common/pico_int64_ops/pico_int64_ops_aeabi.S.obj
LOAD CMakeFiles/RelayExpansion.dir/home/pi/pico/pico-sdk/src/rp2_common/pico_float/float_aeabi.S.obj
LOAD CMakeFiles/RelayExpansion.dir/home/pi/pico/pico-sdk/src/rp2_common/pico_float/float_init_rom.c.obj
LOAD CMakeFiles/RelayExpansion.dir/home/pi/pico/pico-sdk/src/rp2_common/pico_float/float_math.c.obj
LOAD CMakeFiles/RelayExpansion.dir/home/pi/pico/pico-sdk/src/rp2_common/pico_float/float_v1_rom_shim.S.obj
LOAD CMakeFiles/RelayExpansion.dir/home/pi/pico/pico-sdk/src/rp2_common/pico_malloc/pico_malloc.c.obj
LOAD CMakeFiles/RelayExpansion.dir/home/pi/pico/pico-sdk/src/rp2_common/pico_mem_ops/mem_ops_aeabi.S.obj
LOAD CMakeFiles/RelayExpansion.dir/home/pi/pico/pico-sdk/src/rp2_common/pico_standard_link/crt0.S.obj
LOAD CMakeFiles/RelayExpansion.dir/home/pi/pico/pico-sdk/src/rp2_common/pico_standard_link/new_delete.cpp.obj
LOAD CMakeFiles/RelayExpansion.dir/home/pi/pico/pico-sdk/src/rp2_common/pico_standard_link/binary_info.c.obj
LOAD CMakeFiles/RelayExpansion.dir/home/pi/pico/pico-sdk/src/rp2_common/pico_stdio/stdio.c.obj
LOAD CMakeFiles/RelayExpansion.dir/home/pi/pico/pico-sdk/src/rp2_common/pico_stdio_uart/stdio_uart.c.obj
LOAD /tmp/ccsQCYT7.o
LOAD /usr/lib/gcc/arm-none-eabi/7.3.1/../../../arm-none-eabi/lib/thumb/v6-m/libstdc++.a
LOAD /usr/lib/gcc/arm-none-eabi/7.3.1/../../../arm-none-eabi/lib/thumb/v6-m/libm.a
START GROUP
LOAD /usr/lib/gcc/arm-none-eabi/7.3.1/thumb/v6-m/libgcc.a
LOAD /usr/lib/gcc/arm-none-eabi/7.3.1/../../../arm-none-eabi/lib/thumb/v6-m/libg.a
LOAD /usr/lib/gcc/arm-none-eabi/7.3.1/../../../arm-none-eabi/lib/thumb/v6-m/libc.a
END GROUP
START GROUP
LOAD /usr/lib/gcc/arm-none-eabi/7.3.1/thumb/v6-m/libgcc.a
LOAD /usr/lib/gcc/arm-none-eabi/7.3.1/../../../arm-none-eabi/lib/thumb/v6-m/libc.a
LOAD /usr/lib/gcc/arm-none-eabi/7.3.1/../../../arm-none-eabi/lib/thumb/v6-m/libnosys.a
END GROUP
LOAD /usr/lib/gcc/arm-none-eabi/7.3.1/thumb/v6-m/crtend.o
LOAD /usr/lib/gcc/arm-none-eabi/7.3.1/thumb/v6-m/crtn.o
OUTPUT(RelayExpansion.elf elf32-littlearm)

.ARM.attributes
                0x00000000       0x28
 .ARM.attributes
                0x00000000       0x1e /usr/lib/gcc/arm-none-eabi/7.3.1/thumb/v6-m/crti.o
 .ARM.attributes
                0x0000001e       0x2c /usr/lib/gcc/arm-none-eabi/7.3.1/thumb/v6-m/crtbegin.o
 .ARM.attributes
                0x0000004a       0x32 CMakeFiles/RelayExpansion.dir/RelayExpansion.c.obj
 .ARM.attributes
                0x0000007c       0x32 CMakeFiles/RelayExpansion.dir/home/pi/pico/pico-sdk/src/rp2_common/hardware_gpio/gpio.c.obj
 .ARM.attributes
                0x000000ae       0x32 CMakeFiles/RelayExpansion.dir/home/pi/pico/pico-sdk/src/rp2_common/hardware_claim/claim.c.obj
 .ARM.attributes
                0x000000e0       0x32 CMakeFiles/RelayExpansion.dir/home/pi/pico/pico-sdk/src/rp2_common/pico_platform/platform.c.obj
 .ARM.attributes
                0x00000112       0x32 CMakeFiles/RelayExpansion.dir/home/pi/pico/pico-sdk/src/rp2_common/hardware_sync/sync.c.obj
 .ARM.attributes
                0x00000144       0x32 CMakeFiles/RelayExpansion.dir/home/pi/pico/pico-sdk/src/rp2_common/hardware_uart/uart.c.obj
 .ARM.attributes
                0x00000176       0x32 CMakeFiles/RelayExpansion.dir/home/pi/pico/pico-sdk/src/common/pico_time/time.c.obj
 .ARM.attributes
                0x000001a8       0x32 CMakeFiles/RelayExpansion.dir/home/pi/pico/pico-sdk/src/rp2_common/hardware_timer/timer.c.obj
 .ARM.attributes
                0x000001da       0x32 CMakeFiles/RelayExpansion.dir/home/pi/pico/pico-sdk/src/common/pico_sync/lock_core.c.obj
 .ARM.attributes
                0x0000020c       0x32 CMakeFiles/RelayExpansion.dir/home/pi/pico/pico-sdk/src/common/pico_sync/mutex.c.obj
 .ARM.attributes
                0x0000023e       0x32 CMakeFiles/RelayExpansion.dir/home/pi/pico/pico-sdk/src/common/pico_util/pheap.c.obj
 .ARM.attributes
                0x00000270       0x32 CMakeFiles/RelayExpansion.dir/home/pi/pico/pico-sdk/src/rp2_common/pico_runtime/runtime.c.obj
 .ARM.attributes
                0x000002a2       0x32 CMakeFiles/RelayExpansion.dir/home/pi/pico/pico-sdk/src/rp2_common/hardware_clocks/clocks.c.obj
 .ARM.attributes
                0x000002d4       0x32 CMakeFiles/RelayExpansion.dir/home/pi/pico/pico-sdk/src/rp2_common/hardware_irq/irq.c.obj
 .ARM.attributes
                0x00000306       0x22 CMakeFiles/RelayExpansion.dir/home/pi/pico/pico-sdk/src/rp2_common/hardware_irq/irq_handler_chain.S.obj
 .ARM.attributes
                0x00000328       0x32 CMakeFiles/RelayExpansion.dir/home/pi/pico/pico-sdk/src/rp2_common/hardware_pll/pll.c.obj
 .ARM.attributes
                0x0000035a       0x32 CMakeFiles/RelayExpansion.dir/home/pi/pico/pico-sdk/src/rp2_common/hardware_watchdog/watchdog.c.obj
 .ARM.attributes
                0x0000038c       0x32 CMakeFiles/RelayExpansion.dir/home/pi/pico/pico-sdk/src/rp2_common/hardware_xosc/xosc.c.obj
 .ARM.attributes
                0x000003be       0x32 CMakeFiles/RelayExpansion.dir/home/pi/pico/pico-sdk/src/rp2_common/pico_printf/printf.c.obj
 .ARM.attributes
                0x000003f0       0x22 CMakeFiles/RelayExpansion.dir/home/pi/pico/pico-sdk/src/rp2_common/pico_bit_ops/bit_ops_aeabi.S.obj
 .ARM.attributes
                0x00000412       0x32 CMakeFiles/RelayExpansion.dir/home/pi/pico/pico-sdk/src/rp2_common/pico_bootrom/bootrom.c.obj
 .ARM.attributes
                0x00000444       0x22 CMakeFiles/RelayExpansion.dir/home/pi/pico/pico-sdk/src/rp2_common/pico_divider/divider.S.obj
 .ARM.attributes
                0x00000466       0x22 CMakeFiles/RelayExpansion.dir/home/pi/pico/pico-sdk/src/rp2_common/pico_double/double_aeabi.S.obj
 .ARM.attributes
                0x00000488       0x32 CMakeFiles/RelayExpansion.dir/home/pi/pico/pico-sdk/src/rp2_common/pico_double/double_init_rom.c.obj
 .ARM.attributes
                0x000004ba       0x22 CMakeFiles/RelayExpansion.dir/home/pi/pico/pico-sdk/src/rp2_common/pico_double/double_v1_rom_shim.S.obj
 .ARM.attributes
                0x000004dc       0x22 CMakeFiles/RelayExpansion.dir/home/pi/pico/pico-sdk/src/rp2_common/pico_int64_ops/pico_int64_ops_aeabi.S.obj
 .ARM.attributes
                0x000004fe       0x22 CMakeFiles/RelayExpansion.dir/home/pi/pico/pico-sdk/src/rp2_common/pico_float/float_aeabi.S.obj
 .ARM.attributes
                0x00000520       0x32 CMakeFiles/RelayExpansion.dir/home/pi/pico/pico-sdk/src/rp2_common/pico_float/float_init_rom.c.obj
 .ARM.attributes
                0x00000552       0x22 CMakeFiles/RelayExpansion.dir/home/pi/pico/pico-sdk/src/rp2_common/pico_float/float_v1_rom_shim.S.obj
 .ARM.attributes
                0x00000574       0x22 CMakeFiles/RelayExpansion.dir/home/pi/pico/pico-sdk/src/rp2_common/pico_mem_ops/mem_ops_aeabi.S.obj
 .ARM.attributes
                0x00000596       0x22 CMakeFiles/RelayExpansion.dir/home/pi/pico/pico-sdk/src/rp2_common/pico_standard_link/crt0.S.obj
 .ARM.attributes
                0x000005b8       0x32 CMakeFiles/RelayExpansion.dir/home/pi/pico/pico-sdk/src/rp2_common/pico_standard_link/binary_info.c.obj
 .ARM.attributes
                0x000005ea       0x32 CMakeFiles/RelayExpansion.dir/home/pi/pico/pico-sdk/src/rp2_common/pico_stdio/stdio.c.obj
 .ARM.attributes
                0x0000061c       0x32 CMakeFiles/RelayExpansion.dir/home/pi/pico/pico-sdk/src/rp2_common/pico_stdio_uart/stdio_uart.c.obj
 .ARM.attributes
                0x0000064e       0x22 /tmp/ccsQCYT7.o
 .ARM.attributes
                0x00000670       0x1e /usr/lib/gcc/arm-none-eabi/7.3.1/thumb/v6-m/libgcc.a(_dvmd_tls.o)
 .ARM.attributes
                0x0000068e       0x2c /usr/lib/gcc/arm-none-eabi/7.3.1/../../../arm-none-eabi/lib/thumb/v6-m/libg.a(lib_a-strlen-stub.o)
 .ARM.attributes
                0x000006ba       0x2c /usr/lib/gcc/arm-none-eabi/7.3.1/thumb/v6-m/crtend.o

.comment        0x00000000       0xae
 .comment       0x00000000       0x57 /usr/lib/gcc/arm-none-eabi/7.3.1/thumb/v6-m/crtbegin.o
                                 0x58 (size before relaxing)
 .comment       0x00000057       0x58 CMakeFiles/RelayExpansion.dir/RelayExpansion.c.obj
 .comment       0x00000057       0x58 CMakeFiles/RelayExpansion.dir/home/pi/pico/pico-sdk/src/rp2_common/hardware_gpio/gpio.c.obj
 .comment       0x00000057       0x58 CMakeFiles/RelayExpansion.dir/home/pi/pico/pico-sdk/src/rp2_common/hardware_claim/claim.c.obj
 .comment       0x00000057       0x58 CMakeFiles/RelayExpansion.dir/home/pi/pico/pico-sdk/src/rp2_common/pico_platform/platform.c.obj
 .comment       0x00000057       0x58 CMakeFiles/RelayExpansion.dir/home/pi/pico/pico-sdk/src/rp2_common/hardware_sync/sync.c.obj
 .comment       0x00000057       0x58 CMakeFiles/RelayExpansion.dir/home/pi/pico/pico-sdk/src/rp2_common/hardware_uart/uart.c.obj
 .comment       0x00000057       0x58 CMakeFiles/RelayExpansion.dir/home/pi/pico/pico-sdk/src/common/pico_time/time.c.obj
 .comment       0x00000057       0x58 CMakeFiles/RelayExpansion.dir/home/pi/pico/pico-sdk/src/rp2_common/hardware_timer/timer.c.obj
 .comment       0x00000057       0x58 CMakeFiles/RelayExpansion.dir/home/pi/pico/pico-sdk/src/common/pico_sync/lock_core.c.obj
 .comment       0x00000057       0x58 CMakeFiles/RelayExpansion.dir/home/pi/pico/pico-sdk/src/common/pico_sync/mutex.c.obj
 .comment       0x00000057       0x58 CMakeFiles/RelayExpansion.dir/home/pi/pico/pico-sdk/src/common/pico_util/pheap.c.obj
 .comment       0x00000057       0x58 CMakeFiles/RelayExpansion.dir/home/pi/pico/pico-sdk/src/rp2_common/pico_runtime/runtime.c.obj
 .comment       0x00000057       0x58 CMakeFiles/RelayExpansion.dir/home/pi/pico/pico-sdk/src/rp2_common/hardware_clocks/clocks.c.obj
 .comment       0x00000057       0x58 CMakeFiles/RelayExpansion.dir/home/pi/pico/pico-sdk/src/rp2_common/hardware_irq/irq.c.obj
 .comment       0x00000057       0x58 CMakeFiles/RelayExpansion.dir/home/pi/pico/pico-sdk/src/rp2_common/hardware_pll/pll.c.obj
 .comment       0x00000057       0x58 CMakeFiles/RelayExpansion.dir/home/pi/pico/pico-sdk/src/rp2_common/hardware_watchdog/watchdog.c.obj
 .comment       0x00000057       0x58 CMakeFiles/RelayExpansion.dir/home/pi/pico/pico-sdk/src/rp2_common/hardware_xosc/xosc.c.obj
 .comment       0x00000057       0x58 CMakeFiles/RelayExpansion.dir/home/pi/pico/pico-sdk/src/rp2_common/pico_printf/printf.c.obj
 .comment       0x00000057       0x58 CMakeFiles/RelayExpansion.dir/home/pi/pico/pico-sdk/src/rp2_common/pico_bootrom/bootrom.c.obj
 .comment       0x00000057       0x58 CMakeFiles/RelayExpansion.dir/home/pi/pico/pico-sdk/src/rp2_common/pico_double/double_init_rom.c.obj
 .comment       0x00000057       0x58 CMakeFiles/RelayExpansion.dir/home/pi/pico/pico-sdk/src/rp2_common/pico_float/float_init_rom.c.obj
 .comment       0x00000057       0x58 CMakeFiles/RelayExpansion.dir/home/pi/pico/pico-sdk/src/rp2_common/pico_standard_link/binary_info.c.obj
 .comment       0x00000057       0x58 CMakeFiles/RelayExpansion.dir/home/pi/pico/pico-sdk/src/rp2_common/pico_stdio/stdio.c.obj
 .comment       0x00000057       0x58 CMakeFiles/RelayExpansion.dir/home/pi/pico/pico-sdk/src/rp2_common/pico_stdio_uart/stdio_uart.c.obj
 .comment       0x00000057       0x57 /usr/lib/gcc/arm-none-eabi/7.3.1/../../../arm-none-eabi/lib/thumb/v6-m/libg.a(lib_a-strlen-stub.o)
                                 0x58 (size before relaxing)
 .comment       0x000000ae       0x58 /usr/lib/gcc/arm-none-eabi/7.3.1/thumb/v6-m/crtend.o

.debug_info     0x00000000    0x15a07
 .debug_info    0x00000000     0x1338 CMakeFiles/RelayExpansion.dir/RelayExpansion.c.obj
 .debug_info    0x00001338     0x1169 CMakeFiles/RelayExpansion.dir/home/pi/pico/pico-sdk/src/rp2_common/hardware_gpio/gpio.c.obj
 .debug_info    0x000024a1      0x5d7 CMakeFiles/RelayExpansion.dir/home/pi/pico/pico-sdk/src/rp2_common/hardware_claim/claim.c.obj
 .debug_info    0x00002a78      0x1c6 CMakeFiles/RelayExpansion.dir/home/pi/pico/pico-sdk/src/rp2_common/pico_platform/platform.c.obj
 .debug_info    0x00002c3e      0x508 CMakeFiles/RelayExpansion.dir/home/pi/pico/pico-sdk/src/rp2_common/hardware_sync/sync.c.obj
 .debug_info    0x00003146      0xa10 CMakeFiles/RelayExpansion.dir/home/pi/pico/pico-sdk/src/rp2_common/hardware_uart/uart.c.obj
 .debug_info    0x00003b56     0x3a95 CMakeFiles/RelayExpansion.dir/home/pi/pico/pico-sdk/src/common/pico_time/time.c.obj
 .debug_info    0x000075eb      0xe5f CMakeFiles/RelayExpansion.dir/home/pi/pico/pico-sdk/src/rp2_common/hardware_timer/timer.c.obj
 .debug_info    0x0000844a      0x1e8 CMakeFiles/RelayExpansion.dir/home/pi/pico/pico-sdk/src/common/pico_sync/lock_core.c.obj
 .debug_info    0x00008632     0x108d CMakeFiles/RelayExpansion.dir/home/pi/pico/pico-sdk/src/common/pico_sync/mutex.c.obj
 .debug_info    0x000096bf     0x1842 CMakeFiles/RelayExpansion.dir/home/pi/pico/pico-sdk/src/common/pico_util/pheap.c.obj
 .debug_info    0x0000af01     0x1111 CMakeFiles/RelayExpansion.dir/home/pi/pico/pico-sdk/src/rp2_common/pico_runtime/runtime.c.obj
 .debug_info    0x0000c012      0xd65 CMakeFiles/RelayExpansion.dir/home/pi/pico/pico-sdk/src/rp2_common/hardware_clocks/clocks.c.obj
 .debug_info    0x0000cd77     0x15bd CMakeFiles/RelayExpansion.dir/home/pi/pico/pico-sdk/src/rp2_common/hardware_irq/irq.c.obj
 .debug_info    0x0000e334       0x26 CMakeFiles/RelayExpansion.dir/home/pi/pico/pico-sdk/src/rp2_common/hardware_irq/irq_handler_chain.S.obj
 .debug_info    0x0000e35a      0x453 CMakeFiles/RelayExpansion.dir/home/pi/pico/pico-sdk/src/rp2_common/hardware_pll/pll.c.obj
 .debug_info    0x0000e7ad      0xc21 CMakeFiles/RelayExpansion.dir/home/pi/pico/pico-sdk/src/rp2_common/hardware_watchdog/watchdog.c.obj
 .debug_info    0x0000f3ce      0x1b7 CMakeFiles/RelayExpansion.dir/home/pi/pico/pico-sdk/src/rp2_common/hardware_xosc/xosc.c.obj
 .debug_info    0x0000f585     0x1d4b CMakeFiles/RelayExpansion.dir/home/pi/pico/pico-sdk/src/rp2_common/pico_printf/printf.c.obj
 .debug_info    0x000112d0       0x22 CMakeFiles/RelayExpansion.dir/home/pi/pico/pico-sdk/src/rp2_common/pico_bit_ops/bit_ops_aeabi.S.obj
 .debug_info    0x000112f2      0x1f5 CMakeFiles/RelayExpansion.dir/home/pi/pico/pico-sdk/src/rp2_common/pico_bootrom/bootrom.c.obj
 .debug_info    0x000114e7       0x22 CMakeFiles/RelayExpansion.dir/home/pi/pico/pico-sdk/src/rp2_common/pico_divider/divider.S.obj
 .debug_info    0x00011509       0x22 CMakeFiles/RelayExpansion.dir/home/pi/pico/pico-sdk/src/rp2_common/pico_double/double_aeabi.S.obj
 .debug_info    0x0001152b      0xa8a CMakeFiles/RelayExpansion.dir/home/pi/pico/pico-sdk/src/rp2_common/pico_double/double_init_rom.c.obj
 .debug_info    0x00011fb5       0x22 CMakeFiles/RelayExpansion.dir/home/pi/pico/pico-sdk/src/rp2_common/pico_double/double_v1_rom_shim.S.obj
 .debug_info    0x00011fd7       0x26 CMakeFiles/RelayExpansion.dir/home/pi/pico/pico-sdk/src/rp2_common/pico_int64_ops/pico_int64_ops_aeabi.S.obj
 .debug_info    0x00011ffd       0x22 CMakeFiles/RelayExpansion.dir/home/pi/pico/pico-sdk/src/rp2_common/pico_float/float_aeabi.S.obj
 .debug_info    0x0001201f      0xacc CMakeFiles/RelayExpansion.dir/home/pi/pico/pico-sdk/src/rp2_common/pico_float/float_init_rom.c.obj
 .debug_info    0x00012aeb       0x22 CMakeFiles/RelayExpansion.dir/home/pi/pico/pico-sdk/src/rp2_common/pico_float/float_v1_rom_shim.S.obj
 .debug_info    0x00012b0d       0x22 CMakeFiles/RelayExpansion.dir/home/pi/pico/pico-sdk/src/rp2_common/pico_mem_ops/mem_ops_aeabi.S.obj
 .debug_info    0x00012b2f       0x22 CMakeFiles/RelayExpansion.dir/home/pi/pico/pico-sdk/src/rp2_common/pico_standard_link/crt0.S.obj
 .debug_info    0x00012b51      0x2fa CMakeFiles/RelayExpansion.dir/home/pi/pico/pico-sdk/src/rp2_common/pico_standard_link/binary_info.c.obj
 .debug_info    0x00012e4b     0x179f CMakeFiles/RelayExpansion.dir/home/pi/pico/pico-sdk/src/rp2_common/pico_stdio/stdio.c.obj
 .debug_info    0x000145ea      0xb15 CMakeFiles/RelayExpansion.dir/home/pi/pico/pico-sdk/src/rp2_common/pico_stdio_uart/stdio_uart.c.obj
 .debug_info    0x000150ff       0x26 /usr/lib/gcc/arm-none-eabi/7.3.1/thumb/v6-m/libgcc.a(_dvmd_tls.o)
 .debug_info    0x00015125      0x8e2 /usr/lib/gcc/arm-none-eabi/7.3.1/../../../arm-none-eabi/lib/thumb/v6-m/libg.a(lib_a-strlen-stub.o)

.debug_abbrev   0x00000000     0x4260
 .debug_abbrev  0x00000000      0x2dc CMakeFiles/RelayExpansion.dir/RelayExpansion.c.obj
 .debug_abbrev  0x000002dc      0x287 CMakeFiles/RelayExpansion.dir/home/pi/pico/pico-sdk/src/rp2_common/hardware_gpio/gpio.c.obj
 .debug_abbrev  0x00000563      0x254 CMakeFiles/RelayExpansion.dir/home/pi/pico/pico-sdk/src/rp2_common/hardware_claim/claim.c.obj
 .debug_abbrev  0x000007b7       0xde CMakeFiles/RelayExpansion.dir/home/pi/pico/pico-sdk/src/rp2_common/pico_platform/platform.c.obj
 .debug_abbrev  0x00000895      0x1e8 CMakeFiles/RelayExpansion.dir/home/pi/pico/pico-sdk/src/rp2_common/hardware_sync/sync.c.obj
 .debug_abbrev  0x00000a7d      0x29c CMakeFiles/RelayExpansion.dir/home/pi/pico/pico-sdk/src/rp2_common/hardware_uart/uart.c.obj
 .debug_abbrev  0x00000d19      0x57c CMakeFiles/RelayExpansion.dir/home/pi/pico/pico-sdk/src/common/pico_time/time.c.obj
 .debug_abbrev  0x00001295      0x300 CMakeFiles/RelayExpansion.dir/home/pi/pico/pico-sdk/src/rp2_common/hardware_timer/timer.c.obj
 .debug_abbrev  0x00001595      0x12d CMakeFiles/RelayExpansion.dir/home/pi/pico/pico-sdk/src/common/pico_sync/lock_core.c.obj
 .debug_abbrev  0x000016c2      0x329 CMakeFiles/RelayExpansion.dir/home/pi/pico/pico-sdk/src/common/pico_sync/mutex.c.obj
 .debug_abbrev  0x000019eb      0x376 CMakeFiles/RelayExpansion.dir/home/pi/pico/pico-sdk/src/common/pico_util/pheap.c.obj
 .debug_abbrev  0x00001d61      0x3d5 CMakeFiles/RelayExpansion.dir/home/pi/pico/pico-sdk/src/rp2_common/pico_runtime/runtime.c.obj
 .debug_abbrev  0x00002136      0x330 CMakeFiles/RelayExpansion.dir/home/pi/pico/pico-sdk/src/rp2_common/hardware_clocks/clocks.c.obj
 .debug_abbrev  0x00002466      0x3dc CMakeFiles/RelayExpansion.dir/home/pi/pico/pico-sdk/src/rp2_common/hardware_irq/irq.c.obj
 .debug_abbrev  0x00002842       0x14 CMakeFiles/RelayExpansion.dir/home/pi/pico/pico-sdk/src/rp2_common/hardware_irq/irq_handler_chain.S.obj
 .debug_abbrev  0x00002856      0x1a0 CMakeFiles/RelayExpansion.dir/home/pi/pico/pico-sdk/src/rp2_common/hardware_pll/pll.c.obj
 .debug_abbrev  0x000029f6      0x27f CMakeFiles/RelayExpansion.dir/home/pi/pico/pico-sdk/src/rp2_common/hardware_watchdog/watchdog.c.obj
 .debug_abbrev  0x00002c75       0xec CMakeFiles/RelayExpansion.dir/home/pi/pico/pico-sdk/src/rp2_common/hardware_xosc/xosc.c.obj
 .debug_abbrev  0x00002d61      0x402 CMakeFiles/RelayExpansion.dir/home/pi/pico/pico-sdk/src/rp2_common/pico_printf/printf.c.obj
 .debug_abbrev  0x00003163       0x12 CMakeFiles/RelayExpansion.dir/home/pi/pico/pico-sdk/src/rp2_common/pico_bit_ops/bit_ops_aeabi.S.obj
 .debug_abbrev  0x00003175       0xe3 CMakeFiles/RelayExpansion.dir/home/pi/pico/pico-sdk/src/rp2_common/pico_bootrom/bootrom.c.obj
 .debug_abbrev  0x00003258       0x12 CMakeFiles/RelayExpansion.dir/home/pi/pico/pico-sdk/src/rp2_common/pico_divider/divider.S.obj
 .debug_abbrev  0x0000326a       0x12 CMakeFiles/RelayExpansion.dir/home/pi/pico/pico-sdk/src/rp2_common/pico_double/double_aeabi.S.obj
 .debug_abbrev  0x0000327c      0x267 CMakeFiles/RelayExpansion.dir/home/pi/pico/pico-sdk/src/rp2_common/pico_double/double_init_rom.c.obj
 .debug_abbrev  0x000034e3       0x12 CMakeFiles/RelayExpansion.dir/home/pi/pico/pico-sdk/src/rp2_common/pico_double/double_v1_rom_shim.S.obj
 .debug_abbrev  0x000034f5       0x14 CMakeFiles/RelayExpansion.dir/home/pi/pico/pico-sdk/src/rp2_common/pico_int64_ops/pico_int64_ops_aeabi.S.obj
 .debug_abbrev  0x00003509       0x12 CMakeFiles/RelayExpansion.dir/home/pi/pico/pico-sdk/src/rp2_common/pico_float/float_aeabi.S.obj
 .debug_abbrev  0x0000351b      0x281 CMakeFiles/RelayExpansion.dir/home/pi/pico/pico-sdk/src/rp2_common/pico_float/float_init_rom.c.obj
 .debug_abbrev  0x0000379c       0x12 CMakeFiles/RelayExpansion.dir/home/pi/pico/pico-sdk/src/rp2_common/pico_float/float_v1_rom_shim.S.obj
 .debug_abbrev  0x000037ae       0x12 CMakeFiles/RelayExpansion.dir/home/pi/pico/pico-sdk/src/rp2_common/pico_mem_ops/mem_ops_aeabi.S.obj
 .debug_abbrev  0x000037c0       0x12 CMakeFiles/RelayExpansion.dir/home/pi/pico/pico-sdk/src/rp2_common/pico_standard_link/crt0.S.obj
 .debug_abbrev  0x000037d2       0x9f CMakeFiles/RelayExpansion.dir/home/pi/pico/pico-sdk/src/rp2_common/pico_standard_link/binary_info.c.obj
 .debug_abbrev  0x00003871      0x4b6 CMakeFiles/RelayExpansion.dir/home/pi/pico/pico-sdk/src/rp2_common/pico_stdio/stdio.c.obj
 .debug_abbrev  0x00003d27      0x36d CMakeFiles/RelayExpansion.dir/home/pi/pico/pico-sdk/src/rp2_common/pico_stdio_uart/stdio_uart.c.obj
 .debug_abbrev  0x00004094       0x14 /usr/lib/gcc/arm-none-eabi/7.3.1/thumb/v6-m/libgcc.a(_dvmd_tls.o)
 .debug_abbrev  0x000040a8      0x1b8 /usr/lib/gcc/arm-none-eabi/7.3.1/../../../arm-none-eabi/lib/thumb/v6-m/libg.a(lib_a-strlen-stub.o)

.debug_loc      0x00000000     0xa1fd
 .debug_loc     0x00000000      0x36f CMakeFiles/RelayExpansion.dir/RelayExpansion.c.obj
 .debug_loc     0x0000036f      0xd1a CMakeFiles/RelayExpansion.dir/home/pi/pico/pico-sdk/src/rp2_common/hardware_gpio/gpio.c.obj
 .debug_loc     0x00001089      0x371 CMakeFiles/RelayExpansion.dir/home/pi/pico/pico-sdk/src/rp2_common/hardware_claim/claim.c.obj
 .debug_loc     0x000013fa       0xcf CMakeFiles/RelayExpansion.dir/home/pi/pico/pico-sdk/src/rp2_common/pico_platform/platform.c.obj
 .debug_loc     0x000014c9      0x196 CMakeFiles/RelayExpansion.dir/home/pi/pico/pico-sdk/src/rp2_common/hardware_sync/sync.c.obj
 .debug_loc     0x0000165f      0x457 CMakeFiles/RelayExpansion.dir/home/pi/pico/pico-sdk/src/rp2_common/hardware_uart/uart.c.obj
 .debug_loc     0x00001ab6     0x2365 CMakeFiles/RelayExpansion.dir/home/pi/pico/pico-sdk/src/common/pico_time/time.c.obj
 .debug_loc     0x00003e1b      0x59d CMakeFiles/RelayExpansion.dir/home/pi/pico/pico-sdk/src/rp2_common/hardware_timer/timer.c.obj
 .debug_loc     0x000043b8       0x56 CMakeFiles/RelayExpansion.dir/home/pi/pico/pico-sdk/src/common/pico_sync/lock_core.c.obj
 .debug_loc     0x0000440e      0x966 CMakeFiles/RelayExpansion.dir/home/pi/pico/pico-sdk/src/common/pico_sync/mutex.c.obj
 .debug_loc     0x00004d74      0xfd7 CMakeFiles/RelayExpansion.dir/home/pi/pico/pico-sdk/src/common/pico_util/pheap.c.obj
 .debug_loc     0x00005d4b      0x2bd CMakeFiles/RelayExpansion.dir/home/pi/pico/pico-sdk/src/rp2_common/pico_runtime/runtime.c.obj
 .debug_loc     0x00006008      0x66e CMakeFiles/RelayExpansion.dir/home/pi/pico/pico-sdk/src/rp2_common/hardware_clocks/clocks.c.obj
 .debug_loc     0x00006676      0xba7 CMakeFiles/RelayExpansion.dir/home/pi/pico/pico-sdk/src/rp2_common/hardware_irq/irq.c.obj
 .debug_loc     0x0000721d      0x28f CMakeFiles/RelayExpansion.dir/home/pi/pico/pico-sdk/src/rp2_common/hardware_pll/pll.c.obj
 .debug_loc     0x000074ac      0x221 CMakeFiles/RelayExpansion.dir/home/pi/pico/pico-sdk/src/rp2_common/hardware_watchdog/watchdog.c.obj
 .debug_loc     0x000076cd       0x35 CMakeFiles/RelayExpansion.dir/home/pi/pico/pico-sdk/src/rp2_common/hardware_xosc/xosc.c.obj
 .debug_loc     0x00007702     0x1b4a CMakeFiles/RelayExpansion.dir/home/pi/pico/pico-sdk/src/rp2_common/pico_printf/printf.c.obj
 .debug_loc     0x0000924c      0x145 CMakeFiles/RelayExpansion.dir/home/pi/pico/pico-sdk/src/rp2_common/pico_bootrom/bootrom.c.obj
 .debug_loc     0x00009391       0x4f CMakeFiles/RelayExpansion.dir/home/pi/pico/pico-sdk/src/rp2_common/pico_double/double_init_rom.c.obj
 .debug_loc     0x000093e0       0x65 CMakeFiles/RelayExpansion.dir/home/pi/pico/pico-sdk/src/rp2_common/pico_float/float_init_rom.c.obj
 .debug_loc     0x00009445      0x8e0 CMakeFiles/RelayExpansion.dir/home/pi/pico/pico-sdk/src/rp2_common/pico_stdio/stdio.c.obj
 .debug_loc     0x00009d25      0x444 CMakeFiles/RelayExpansion.dir/home/pi/pico/pico-sdk/src/rp2_common/pico_stdio_uart/stdio_uart.c.obj
 .debug_loc     0x0000a169       0x94 /usr/lib/gcc/arm-none-eabi/7.3.1/../../../arm-none-eabi/lib/thumb/v6-m/libg.a(lib_a-strlen-stub.o)

.debug_aranges  0x00000000      0xd88
 .debug_aranges
                0x00000000       0x38 CMakeFiles/RelayExpansion.dir/RelayExpansion.c.obj
 .debug_aranges
                0x00000038       0xd8 CMakeFiles/RelayExpansion.dir/home/pi/pico/pico-sdk/src/rp2_common/hardware_gpio/gpio.c.obj
 .debug_aranges
                0x00000110       0x48 CMakeFiles/RelayExpansion.dir/home/pi/pico/pico-sdk/src/rp2_common/hardware_claim/claim.c.obj
 .debug_aranges
                0x00000158       0x28 CMakeFiles/RelayExpansion.dir/home/pi/pico/pico-sdk/src/rp2_common/pico_platform/platform.c.obj
 .debug_aranges
                0x00000180       0x58 CMakeFiles/RelayExpansion.dir/home/pi/pico/pico-sdk/src/rp2_common/hardware_sync/sync.c.obj
 .debug_aranges
                0x000001d8       0x40 CMakeFiles/RelayExpansion.dir/home/pi/pico/pico-sdk/src/rp2_common/hardware_uart/uart.c.obj
 .debug_aranges
                0x00000218       0xd0 CMakeFiles/RelayExpansion.dir/home/pi/pico/pico-sdk/src/common/pico_time/time.c.obj
 .debug_aranges
                0x000002e8       0x78 CMakeFiles/RelayExpansion.dir/home/pi/pico/pico-sdk/src/rp2_common/hardware_timer/timer.c.obj
 .debug_aranges
                0x00000360       0x20 CMakeFiles/RelayExpansion.dir/home/pi/pico/pico-sdk/src/common/pico_sync/lock_core.c.obj
 .debug_aranges
                0x00000380       0x60 CMakeFiles/RelayExpansion.dir/home/pi/pico/pico-sdk/src/common/pico_sync/mutex.c.obj
 .debug_aranges
                0x000003e0       0x78 CMakeFiles/RelayExpansion.dir/home/pi/pico/pico-sdk/src/common/pico_util/pheap.c.obj
 .debug_aranges
                0x00000458       0x60 CMakeFiles/RelayExpansion.dir/home/pi/pico/pico-sdk/src/rp2_common/pico_runtime/runtime.c.obj
 .debug_aranges
                0x000004b8       0x70 CMakeFiles/RelayExpansion.dir/home/pi/pico/pico-sdk/src/rp2_common/hardware_clocks/clocks.c.obj
 .debug_aranges
                0x00000528       0x90 CMakeFiles/RelayExpansion.dir/home/pi/pico/pico-sdk/src/rp2_common/hardware_irq/irq.c.obj
 .debug_aranges
                0x000005b8       0x20 CMakeFiles/RelayExpansion.dir/home/pi/pico/pico-sdk/src/rp2_common/hardware_irq/irq_handler_chain.S.obj
 .debug_aranges
                0x000005d8       0x28 CMakeFiles/RelayExpansion.dir/home/pi/pico/pico-sdk/src/rp2_common/hardware_pll/pll.c.obj
 .debug_aranges
                0x00000600       0x50 CMakeFiles/RelayExpansion.dir/home/pi/pico/pico-sdk/src/rp2_common/hardware_watchdog/watchdog.c.obj
 .debug_aranges
                0x00000650       0x30 CMakeFiles/RelayExpansion.dir/home/pi/pico/pico-sdk/src/rp2_common/hardware_xosc/xosc.c.obj
 .debug_aranges
                0x00000680       0x90 CMakeFiles/RelayExpansion.dir/home/pi/pico/pico-sdk/src/rp2_common/pico_printf/printf.c.obj
 .debug_aranges
                0x00000710       0x68 CMakeFiles/RelayExpansion.dir/home/pi/pico/pico-sdk/src/rp2_common/pico_bit_ops/bit_ops_aeabi.S.obj
 .debug_aranges
                0x00000778       0x30 CMakeFiles/RelayExpansion.dir/home/pi/pico/pico-sdk/src/rp2_common/pico_bootrom/bootrom.c.obj
 .debug_aranges
                0x000007a8       0x40 CMakeFiles/RelayExpansion.dir/home/pi/pico/pico-sdk/src/rp2_common/pico_divider/divider.S.obj
 .debug_aranges
                0x000007e8      0x140 CMakeFiles/RelayExpansion.dir/home/pi/pico/pico-sdk/src/rp2_common/pico_double/double_aeabi.S.obj
 .debug_aranges
                0x00000928       0x20 CMakeFiles/RelayExpansion.dir/home/pi/pico/pico-sdk/src/rp2_common/pico_double/double_init_rom.c.obj
 .debug_aranges
                0x00000948       0xc8 CMakeFiles/RelayExpansion.dir/home/pi/pico/pico-sdk/src/rp2_common/pico_double/double_v1_rom_shim.S.obj
 .debug_aranges
                0x00000a10       0x20 CMakeFiles/RelayExpansion.dir/home/pi/pico/pico-sdk/src/rp2_common/pico_int64_ops/pico_int64_ops_aeabi.S.obj
 .debug_aranges
                0x00000a30      0x130 CMakeFiles/RelayExpansion.dir/home/pi/pico/pico-sdk/src/rp2_common/pico_float/float_aeabi.S.obj
 .debug_aranges
                0x00000b60       0x20 CMakeFiles/RelayExpansion.dir/home/pi/pico/pico-sdk/src/rp2_common/pico_float/float_init_rom.c.obj
 .debug_aranges
                0x00000b80       0x50 CMakeFiles/RelayExpansion.dir/home/pi/pico/pico-sdk/src/rp2_common/pico_float/float_v1_rom_shim.S.obj
 .debug_aranges
                0x00000bd0       0x38 CMakeFiles/RelayExpansion.dir/home/pi/pico/pico-sdk/src/rp2_common/pico_mem_ops/mem_ops_aeabi.S.obj
 .debug_aranges
                0x00000c08       0x28 CMakeFiles/RelayExpansion.dir/home/pi/pico/pico-sdk/src/rp2_common/pico_standard_link/crt0.S.obj
 .debug_aranges
                0x00000c30       0x18 CMakeFiles/RelayExpansion.dir/home/pi/pico/pico-sdk/src/rp2_common/pico_standard_link/binary_info.c.obj
 .debug_aranges
                0x00000c48       0xb8 CMakeFiles/RelayExpansion.dir/home/pi/pico/pico-sdk/src/rp2_common/pico_stdio/stdio.c.obj
 .debug_aranges
                0x00000d00       0x48 CMakeFiles/RelayExpansion.dir/home/pi/pico/pico-sdk/src/rp2_common/pico_stdio_uart/stdio_uart.c.obj
 .debug_aranges
                0x00000d48       0x20 /usr/lib/gcc/arm-none-eabi/7.3.1/thumb/v6-m/libgcc.a(_dvmd_tls.o)
 .debug_aranges
                0x00000d68       0x20 /usr/lib/gcc/arm-none-eabi/7.3.1/../../../arm-none-eabi/lib/thumb/v6-m/libg.a(lib_a-strlen-stub.o)

.debug_ranges   0x00000000     0x1720
 .debug_ranges  0x00000000       0x28 CMakeFiles/RelayExpansion.dir/RelayExpansion.c.obj
 .debug_ranges  0x00000028       0xe0 CMakeFiles/RelayExpansion.dir/home/pi/pico/pico-sdk/src/rp2_common/hardware_gpio/gpio.c.obj
 .debug_ranges  0x00000108       0x38 CMakeFiles/RelayExpansion.dir/home/pi/pico/pico-sdk/src/rp2_common/hardware_claim/claim.c.obj
 .debug_ranges  0x00000140       0x18 CMakeFiles/RelayExpansion.dir/home/pi/pico/pico-sdk/src/rp2_common/pico_platform/platform.c.obj
 .debug_ranges  0x00000158       0x48 CMakeFiles/RelayExpansion.dir/home/pi/pico/pico-sdk/src/rp2_common/hardware_sync/sync.c.obj
 .debug_ranges  0x000001a0       0x60 CMakeFiles/RelayExpansion.dir/home/pi/pico/pico-sdk/src/rp2_common/hardware_uart/uart.c.obj
 .debug_ranges  0x00000200      0x648 CMakeFiles/RelayExpansion.dir/home/pi/pico/pico-sdk/src/common/pico_time/time.c.obj
 .debug_ranges  0x00000848       0x98 CMakeFiles/RelayExpansion.dir/home/pi/pico/pico-sdk/src/rp2_common/hardware_timer/timer.c.obj
 .debug_ranges  0x000008e0       0x10 CMakeFiles/RelayExpansion.dir/home/pi/pico/pico-sdk/src/common/pico_sync/lock_core.c.obj
 .debug_ranges  0x000008f0      0x158 CMakeFiles/RelayExpansion.dir/home/pi/pico/pico-sdk/src/common/pico_sync/mutex.c.obj
 .debug_ranges  0x00000a48      0x248 CMakeFiles/RelayExpansion.dir/home/pi/pico/pico-sdk/src/common/pico_util/pheap.c.obj
 .debug_ranges  0x00000c90       0x50 CMakeFiles/RelayExpansion.dir/home/pi/pico/pico-sdk/src/rp2_common/pico_runtime/runtime.c.obj
 .debug_ranges  0x00000ce0       0x60 CMakeFiles/RelayExpansion.dir/home/pi/pico/pico-sdk/src/rp2_common/hardware_clocks/clocks.c.obj
 .debug_ranges  0x00000d40      0x140 CMakeFiles/RelayExpansion.dir/home/pi/pico/pico-sdk/src/rp2_common/hardware_irq/irq.c.obj